Component: ARM Compiler 5.05 update 1 (build 106) Tool: armlink [4d0efa]

==============================================================================

Section Cross References

    main.o(i.main) refers to iwdg.o(i.IWDG_Init) for IWDG_Init
    main.o(i.main) refers to delay.o(i.Delay_Init) for Delay_Init
    main.o(i.main) refers to usart1.o(i.Usart1_Init) for Usart1_Init
    main.o(i.main) refers to wifi.o(i.WiFi_ResetIO_Init) for WiFi_ResetIO_Init
    main.o(i.main) refers to mqtt.o(i.AliIoT_Parameter_Init) for AliIoT_Parameter_Init
    main.o(i.main) refers to adc.o(i.Adc_Init) for Adc_Init
    main.o(i.main) refers to switch.o(i.SW_Init) for SW_Init
    main.o(i.main) refers to dht11.o(i.DHT11_Init) for DHT11_Init
    main.o(i.main) refers to oled.o(i.OLED_Init) for OLED_Init
    main.o(i.main) refers to stm32f10x_gpio.o(i.GPIO_SetBits) for GPIO_SetBits
    main.o(i.main) refers to mqtt.o(i.connet_on) for connet_on
    main.o(i.main) refers to dateup.o(i.Data_State) for Data_State
    main.o(i.main) refers to datedown.o(i.Data_Down) for Data_Down
    main.o(i.main) refers to delay.o(i.Delay_Ms) for Delay_Ms
    main.o(i.main) refers to mqtt.o(i.connet_first) for connet_first
    main.o(i.main) refers to mqtt.o(.data) for Connect_flag
    delay.o(i.Delay_Init) refers to misc.o(i.SysTick_CLKSourceConfig) for SysTick_CLKSourceConfig
    delay.o(i.Delay_Ms) refers to iwdg.o(i.IWDG_Feed) for IWDG_Feed
    usart1.o(i.Usart1_Init) refers to stm32f10x_rcc.o(i.RCC_APB2PeriphClockCmd) for RCC_APB2PeriphClockCmd
    usart1.o(i.Usart1_Init) refers to stm32f10x_gpio.o(i.GPIO_Init) for GPIO_Init
    usart1.o(i.Usart1_Init) refers to stm32f10x_usart.o(i.USART_Init) for USART_Init
    usart1.o(i.Usart1_Init) refers to stm32f10x_usart.o(i.USART_Cmd) for USART_Cmd
    usart1.o(i.u1_printf) refers to c89vsprintf.o(.text) for __c89vsprintf
    usart1.o(i.u1_printf) refers to strlen.o(.text) for strlen
    usart1.o(i.u1_printf) refers to usart1.o(.bss) for Usart1_TxBuff
    stm32f10x_it.o(i.DMA1_Channel7_IRQHandler) refers to stm32f10x_dma.o(i.DMA_GetITStatus) for DMA_GetITStatus
    stm32f10x_it.o(i.DMA1_Channel7_IRQHandler) refers to stm32f10x_dma.o(i.DMA_ClearITPendingBit) for DMA_ClearITPendingBit
    stm32f10x_it.o(i.DMA1_Channel7_IRQHandler) refers to stm32f10x_dma.o(i.DMA_Cmd) for DMA_Cmd
    stm32f10x_it.o(i.DMA1_Channel7_IRQHandler) refers to usart2.o(.data) for DMA_flag
    stm32f10x_it.o(i.TIM2_IRQHandler) refers to stm32f10x_tim.o(i.TIM_GetITStatus) for TIM_GetITStatus
    stm32f10x_it.o(i.TIM2_IRQHandler) refers to stm32f10x_tim.o(i.TIM_ClearITPendingBit) for TIM_ClearITPendingBit
    stm32f10x_it.o(i.TIM2_IRQHandler) refers to main.o(.data) for SystemTimer
    stm32f10x_it.o(i.TIM3_IRQHandler) refers to stm32f10x_tim.o(i.TIM_GetITStatus) for TIM_GetITStatus
    stm32f10x_it.o(i.TIM3_IRQHandler) refers to mqtt.o(i.MQTT_PingREQ) for MQTT_PingREQ
    stm32f10x_it.o(i.TIM3_IRQHandler) refers to timer3.o(i.TIM3_ENABLE_2S) for TIM3_ENABLE_2S
    stm32f10x_it.o(i.TIM3_IRQHandler) refers to stm32f10x_tim.o(i.TIM_Cmd) for TIM_Cmd
    stm32f10x_it.o(i.TIM3_IRQHandler) refers to stm32f10x_tim.o(i.TIM_ClearITPendingBit) for TIM_ClearITPendingBit
    stm32f10x_it.o(i.TIM3_IRQHandler) refers to mqtt.o(.data) for Ping_flag
    stm32f10x_it.o(i.USART2_IRQHandler) refers to stm32f10x_usart.o(i.USART_GetITStatus) for USART_GetITStatus
    stm32f10x_it.o(i.USART2_IRQHandler) refers to stm32f10x_dma.o(i.DMA_Cmd) for DMA_Cmd
    stm32f10x_it.o(i.USART2_IRQHandler) refers to stm32f10x_dma.o(i.DMA_GetCurrDataCounter) for DMA_GetCurrDataCounter
    stm32f10x_it.o(i.USART2_IRQHandler) refers to rt_memcpy_v6.o(.text) for __aeabi_memcpy
    stm32f10x_it.o(i.USART2_IRQHandler) refers to mqtt.o(.data) for Connect_flag
    stm32f10x_it.o(i.USART2_IRQHandler) refers to usart2.o(.bss) for Usart2_RxBuff
    stm32f10x_it.o(i.USART2_IRQHandler) refers to usart2.o(.data) for Usart2_RxCounter
    stm32f10x_it.o(i.USART2_IRQHandler) refers to mqtt.o(.bss) for MQTT_RxDataBuf
    usart2.o(i.Usart2DMA_init) refers to stm32f10x_rcc.o(i.RCC_AHBPeriphClockCmd) for RCC_AHBPeriphClockCmd
    usart2.o(i.Usart2DMA_init) refers to stm32f10x_dma.o(i.DMA_Init) for DMA_Init
    usart2.o(i.Usart2DMA_init) refers to stm32f10x_dma.o(i.DMA_Cmd) for DMA_Cmd
    usart2.o(i.Usart2DMA_init) refers to stm32f10x_dma.o(i.DMA_ClearITPendingBit) for DMA_ClearITPendingBit
    usart2.o(i.Usart2DMA_init) refers to stm32f10x_dma.o(i.DMA_ITConfig) for DMA_ITConfig
    usart2.o(i.Usart2DMA_init) refers to misc.o(i.NVIC_Init) for NVIC_Init
    usart2.o(i.Usart2DMA_init) refers to usart2.o(.bss) for Usart2_RxBuff
    usart2.o(i.Usart2DMA_init) refers to mqtt.o(.data) for MQTT_TxDataOutPtr
    usart2.o(i.Usart2_IDELInit) refers to misc.o(i.NVIC_PriorityGroupConfig) for NVIC_PriorityGroupConfig
    usart2.o(i.Usart2_IDELInit) refers to stm32f10x_usart.o(i.USART_DeInit) for USART_DeInit
[...]
    _printf_p                                0x080001f3   Thumb Code     0  _printf_p.o(.ARM.Collect$$_printf_percent$$00000002)
    _printf_f                                0x080001f9   Thumb Code     0  _printf_f.o(.ARM.Collect$$_printf_percent$$00000003)
    _printf_e                                0x080001ff   Thumb Code     0  _printf_e.o(.ARM.Collect$$_printf_percent$$00000004)
    _printf_g                                0x08000205   Thumb Code     0  _printf_g.o(.ARM.Collect$$_printf_percent$$00000005)
    _printf_a                                0x0800020b   Thumb Code     0  _printf_a.o(.ARM.Collect$$_printf_percent$$00000006)
    _printf_ll                               0x08000211   Thumb Code     0  _printf_ll.o(.ARM.Collect$$_printf_percent$$00000007)
    _printf_i                                0x0800021b   Thumb Code     0  _printf_i.o(.ARM.Collect$$_printf_percent$$00000008)
    _printf_d                                0x08000221   Thumb Code     0  _printf_d.o(.ARM.Collect$$_printf_percent$$00000009)
    _printf_u                                0x08000227   Thumb Code     0  _printf_u.o(.ARM.Collect$$_printf_percent$$0000000A)
    _printf_o                                0x0800022d   Thumb Code     0  _printf_o.o(.ARM.Collect$$_printf_percent$$0000000B)
    _printf_x                                0x08000233   Thumb Code     0  _printf_x.o(.ARM.Collect$$_printf_percent$$0000000C)
    _printf_lli                              0x08000239   Thumb Code     0  _printf_lli.o(.ARM.Collect$$_printf_percent$$0000000D)
    _printf_lld                              0x0800023f   Thumb Code     0  _printf_lld.o(.ARM.Collect$$_printf_percent$$0000000E)
    _printf_llu                              0x08000245   Thumb Code     0  _printf_llu.o(.ARM.Collect$$_printf_percent$$0000000F)
    _printf_llo                              0x0800024b   Thumb Code     0  _printf_llo.o(.ARM.Collect$$_printf_percent$$00000010)
    _printf_llx                              0x08000251   Thumb Code     0  _printf_llx.o(.ARM.Collect$$_printf_percent$$00000011)
    _printf_l                                0x08000257   Thumb Code     0  _printf_l.o(.ARM.Collect$$_printf_percent$$00000012)
    _printf_c                                0x08000261   Thumb Code     0  _printf_c.o(.ARM.Collect$$_printf_percent$$00000013)
    _printf_s                                0x08000267   Thumb Code     0  _printf_s.o(.ARM.Collect$$_printf_percent$$00000014)
    _printf_lc                               0x0800026d   Thumb Code     0  _printf_lc.o(.ARM.Collect$$_printf_percent$$00000015)
    _printf_ls                               0x08000273   Thumb Code     0  _printf_ls.o(.ARM.Collect$$_printf_percent$$00000016)
    _printf_percent_end                      0x08000279   Thumb Code     0  _printf_percent_end.o(.ARM.Collect$$_printf_percent$$00000017)
    __rt_lib_init                            0x0800027d   Thumb Code     0  libinit.o(.ARM.Collect$$libinit$$00000000)
    __rt_lib_init_fp_1                       0x0800027f   Thumb Code     0  libinit2.o(.ARM.Collect$$libinit$$00000002)
    __rt_lib_init_heap_1                     0x0800027f   Thumb Code     0  libinit2.o(.ARM.Collect$$libinit$$0000000A)
    __rt_lib_init_lc_common                  0x0800027f   Thumb Code     0  libinit2.o(.ARM.Collect$$libinit$$0000000F)
    __rt_lib_init_preinit_1                  0x0800027f   Thumb Code     0  libinit2.o(.ARM.Collect$$libinit$$00000004)
    __rt_lib_init_rand_1                     0x0800027f   Thumb Code     0  libinit2.o(.ARM.Collect$$libinit$$0000000E)
    __rt_lib_init_user_alloc_1               0x0800027f   Thumb Code     0  libinit2.o(.ARM.Collect$$libinit$$0000000C)
    __rt_lib_init_lc_collate_1               0x08000285   Thumb Code     0  libinit2.o(.ARM.Collect$$libinit$$00000011)
    __rt_lib_init_lc_ctype_2                 0x08000285   Thumb Code     0  libinit2.o(.ARM.Collect$$libinit$$00000012)
    __rt_lib_init_lc_ctype_1                 0x08000291   Thumb Code     0  libinit2.o(.ARM.Collect$$libinit$$00000013)
    __rt_lib_init_lc_monetary_1              0x08000291   Thumb Code     0  libinit2.o(.ARM.Collect$$libinit$$00000015)
    __rt_lib_init_lc_numeric_2               0x08000291   Thumb Code     0  libinit2.o(.ARM.Collect$$libinit$$00000016)
    __rt_lib_init_alloca_1                   0x0800029b   Thumb Code     0  libinit2.o(.ARM.Collect$$libinit$$0000002E)
    __rt_lib_init_argv_1                     0x0800029b   Thumb Code     0  libinit2.o(.ARM.Collect$$libinit$$0000002C)
    __rt_lib_init_atexit_1                   0x0800029b   Thumb Code     0  libinit2.o(.ARM.Collect$$libinit$$0000001B)
    __rt_lib_init_clock_1                    0x0800029b   Thumb Code     0  libinit2.o(.ARM.Collect$$libinit$$00000021)
    __rt_lib_init_cpp_1                      0x0800029b   Thumb Code     0  libinit2.o(.ARM.Collect$$libinit$$00000032)
    __rt_lib_init_exceptions_1               0x0800029b   Thumb Code     0  libinit2.o(.ARM.Collect$$libinit$$00000030)
    __rt_lib_init_fp_trap_1                  0x0800029b   Thumb Code     0  libinit2.o(.ARM.Collect$$libinit$$0000001F)
    __rt_lib_init_getenv_1                   0x0800029b   Thumb Code     0  libinit2.o(.ARM.Collect$$libinit$$00000023)
    __rt_lib_init_lc_numeric_1               0x0800029b   Thumb Code     0  libinit2.o(.ARM.Collect$$libinit$$00000017)
    __rt_lib_init_lc_time_1                  0x0800029b   Thumb Code     0  libinit2.o(.ARM.Collect$$libinit$$00000019)
    __rt_lib_init_return                     0x0800029b   Thumb Code     0  libinit2.o(.ARM.Collect$$libinit$$00000033)
    __rt_lib_init_signal_1                   0x0800029b   Thumb Code     0  libinit2.o(.ARM.Collect$$libinit$$0000001D)
    __rt_lib_init_stdio_1                    0x0800029b   Thumb Code     0  libinit2.o(.ARM.Collect$$libinit$$00000025)
    __rt_lib_shutdown                        0x0800029d   Thumb Code     0  libshutdown.o(.ARM.Collect$$libshutdown$$00000000)
    __rt_lib_shutdown_fp_trap_1              0x0800029f   Thumb Code     0  libshutdown2.o(.ARM.Collect$$libshutdown$$00000006)
    __rt_lib_shutdown_heap_1                 0x0800029f   Thumb Code     0  libshutdown2.o(.ARM.Collect$$libshutdown$$0000000E)
    __rt_lib_shutdown_return                 0x0800029f   Thumb Code     0  libshutdown2.o(.ARM.Collect$$libshutdown$$0000000F)
    __rt_lib_shutdown_signal_1               0x0800029f   Thumb Code     0  libshutdown2.o(.ARM.Collect$$libshutdown$$00000009)
    __rt_lib_shutdown_stdio_1                0x0800029f   Thumb Code     0  libshutdown2.o(.ARM.Collect$$libshutdown$$00000003)
    __rt_lib_shutdown_user_alloc_1           0x0800029f   Thumb Code     0  libshutdown2.o(.ARM.Collect$$libshutdown$$0000000B)
    __rt_entry                               0x080002a1   Thumb Code     0  __rtentry.o(.ARM.Collect$$rtentry$$00000000)
    __rt_entry_presh_1                       0x080002a1   Thumb Code     0  __rtentry2.o(.ARM.Collect$$rtentry$$00000002)
    __rt_entry_sh                            0x080002a1   Thumb Code     0  __rtentry4.o(.ARM.Collect$$rtentry$$00000004)
    __rt_entry_li                            0x080002a7   Thumb Code     0  __rtentry2.o(.ARM.Collect$$rtentry$$0000000A)
    __rt_entry_postsh_1                      0x080002a7   Thumb Code     0  __rtentry2.o(.ARM.Collect$$rtentry$$00000009)
    __rt_entry_main                          0x080002ab   Thumb Code     0  __rtentry2.o(.ARM.Collect$$rtentry$$0000000D)
    __rt_entry_postli_1                      0x080002ab   Thumb Code     0  __rtentry2.o(.ARM.Collect$$rtentry$$0000000C)
    __rt_exit                                0x080002b3   Thumb Code     0  rtexit.o(.ARM.Collect$$rtexit$$00000000)
    __rt_exit_ls                             0x080002b5   Thumb Code     0  rtexit2.o(.ARM.Collect$$rtexit$$00000003)
    __rt_exit_prels_1                        0x080002b5   Thumb Code     0  rtexit2.o(.ARM.Collect$$rtexit$$00000002)
    __rt_exit_exit                           0x080002b9   Thumb Code     0  rtexit2.o(.ARM.Collect$$rtexit$$00000004)
    Reset_Handler                            0x080002c1   Thumb Code     8  startup_stm32f10x_hd.o(.text)
    ADC1_2_IRQHandler                        0x080002db   Thumb Code     0  startup_stm32f10x_hd.o(.text)
    ADC3_IRQHandler                          0x080002db   Thumb Code     0  startup_stm32f10x_hd.o(.text)
    CAN1_RX1_IRQHandler                      0x080002db   Thumb Code     0  startup_stm32f10x_hd.o(.text)
    CAN1_SCE_IRQHandler                      0x080002db   Thumb Code     0  startup_stm32f10x_hd.o(.text)
    DMA1_Channel1_IRQHandler                 0x080002db   Thumb Code     0  startup_stm32f10x_hd.o(.text)
    DMA1_Channel2_IRQHandler                 0x080002db   Thumb Code     0  startup_stm32f10x_hd.o(.text)
    DMA1_Channel3_IRQHandler                 0x080002db   Thumb Code     0  startup_stm32f10x_hd.o(.text)
    DMA1_Channel4_IRQHandler                 0x080002db   Thumb Code     0  startup_stm32f10x_hd.o(.text)
    DMA1_Channel5_IRQHandler                 0x080002db   Thumb Code     0  startup_stm32f10x_hd.o(.text)
    DMA1_Channel6_IRQHandler                 0x080002db   Thumb Code     0  startup_stm32f10x_hd.o(.text)
    DMA2_Channel1_IRQHandler                 0x080002db   Thumb Code     0  startup_stm32f10x_hd.o(.text)
    DMA2_Channel2_IRQHandler                 0x080002db   Thumb Code     0  startup_stm32f10x_hd.o(.text)
    DMA2_Channel3_IRQHandler                 0x080002db   Thumb Code     0  startup_stm32f10x_hd.o(.text)
    DMA2_Channel4_5_IRQHandler               0x080002db   Thumb Code     0  startup_stm32f10x_hd.o(.text)
    EXTI0_IRQHandler                         0x080002db   Thumb Code     0  startup_stm32f10x_hd.o(.text)
    EXTI15_10_IRQHandler                     0x080002db   Thumb Code     0  startup_stm32f10x_hd.o(.text)
    EXTI1_IRQHandler                         0x080002db   Thumb Code     0  startup_stm32f10x_hd.o(.text)
    EXTI2_IRQHandler                         0x080002db   Thumb Code     0  startup_stm32f10x_hd.o(.text)
    EXTI3_IRQHandler                         0x080002db   Thumb Code     0  startup_stm32f10x_hd.o(.text)
    EXTI4_IRQHandler                         0x080002db   Thumb Code     0  startup_stm32f10x_hd.o(.text)
    EXTI9_5_IRQHandler                       0x080002db   Thumb Code     0  startup_stm32f10x_hd.o(.text)
    FLASH_IRQHandler                         0x080002db   Thumb Code     0  startup_stm32f10x_hd.o(.text)
    FSMC_IRQHandler                          0x080002db   Thumb Code     0  startup_stm32f10x_hd.o(.text)
    I2C1_ER_IRQHandler                       0x080002db   Thumb Code     0  startup_stm32f10x_hd.o(.text)
    I2C1_EV_IRQHandler                       0x080002db   Thumb Code     0  startup_stm32f10x_hd.o(.text)
    I2C2_ER_IRQHandler                       0x080002db   Thumb Code     0  startup_stm32f10x_hd.o(.text)
    I2C2_EV_IRQHandler                       0x080002db   Thumb Code     0  startup_stm32f10x_hd.o(.text)
    PVD_IRQHandler                           0x080002db   Thumb Code     0  startup_stm32f10x_hd.o(.text)
    RCC_IRQHandler                           0x080002db   Thumb Code     0  startup_stm32f10x_hd.o(.text)
    RTCAlarm_IRQHandler                      0x080002db   Thumb Code     0  startup_stm32f10x_hd.o(.text)
    RTC_IRQHandler                           0x080002db   Thumb Code     0  startup_stm32f10x_hd.o(.text)
    SDIO_IRQHandler                          0x080002db   Thumb Code     0  startup_stm32f10x_hd.o(.text)
    SPI1_IRQHandler                          0x080002db   Thumb Code     0  startup_stm32f10x_hd.o(.text)
    SPI2_IRQHandler                          0x080002db   Thumb Code     0  startup_stm32f10x_hd.o(.text)
    SPI3_IRQHandler                          0x080002db   Thumb Code     0  startup_stm32f10x_hd.o(.text)
    TAMPER_IRQHandler                        0x080002db   Thumb Code     0  startup_stm32f10x_hd.o(.text)
    TIM1_BRK_IRQHandler                      0x080002db   Thumb Code     0  startup_stm32f10x_hd.o(.text)
    TIM1_CC_IRQHandler                       0x080002db   Thumb Code     0  startup_stm32f10x_hd.o(.text)
    TIM1_TRG_COM_IRQHandler                  0x080002db   Thumb Code     0  startup_stm32f10x_hd.o(.text)
    TIM1_UP_IRQHandler                       0x080002db   Thumb Code     0  startup_stm32f10x_hd.o(.text)
    TIM4_IRQHandler                          0x080002db   Thumb Code     0  startup_stm32f10x_hd.o(.text)
    TIM5_IRQHandler                          0x080002db   Thumb Code     0  startup_stm32f10x_hd.o(.text)
    TIM6_IRQHandler                          0x080002db   Thumb Code     0  startup_stm32f10x_hd.o(.text)
    TIM7_IRQHandler                          0x080002db   Thumb Code     0  startup_stm32f10x_hd.o(.text)
    TIM8_BRK_IRQHandler                      0x080002db   Thumb Code     0  startup_stm32f10x_hd.o(.text)
    TIM8_CC_IRQHandler                       0x080002db   Thumb Code     0  startup_stm32f10x_hd.o(.text)
    TIM8_TRG_COM_IRQHandler                  0x080002db   Thumb Code     0  startup_stm32f10x_hd.o(.text)
    TIM8_UP_IRQHandler                       0x080002db   Thumb Code     0  startup_stm32f10x_hd.o(.text)
    UART4_IRQHandler                         0x080002db   Thumb Code     0  startup_stm32f10x_hd.o(.text)
    UART5_IRQHandler                         0x080002db   Thumb Code     0  startup_stm32f10x_hd.o(.text)
    USART1_IRQHandler                        0x080002db   Thumb Code     0  startup_stm32f10x_hd.o(.text)
    USART3_IRQHandler                        0x080002db   Thumb Code     0  startup_stm32f10x_hd.o(.text)
    USBWakeUp_IRQHandler                     0x080002db   Thumb Code     0  startup_stm32f10x_hd.o(.text)
    USB_HP_CAN1_TX_IRQHandler                0x080002db   Thumb Code     0  startup_stm32f10x_hd.o(.text)
    USB_LP_CAN1_RX0_IRQHandler               0x080002db   Thumb Code     0  startup_stm32f10x_hd.o(.text)
    WWDG_IRQHandler                          0x080002db   Thumb Code     0  startup_stm32f10x_hd.o(.text)
    __user_initial_stackheap                 0x080002dd   Thumb Code     0  startup_stm32f10x_hd.o(.text)
    __c89vsprintf                            0x08000301   Thumb Code    32  c89vsprintf.o(.text)
    __2sprintf                               0x08000325   Thumb Code    38  __2sprintf.o(.text)
    _printf_str                              0x08000351   Thumb Code    82  _printf_str.o(.text)
    _printf_int_dec                          0x080003a5   Thumb Code   104  _printf_dec.o(.text)
    __printf                                 0x0800041d   Thumb Code   388  __printf_flags_ss_wp.o(.text)
    strstr                                   0x080005a5   Thumb Code    36  strstr.o(.text)
    strlen                                   0x080005c9   Thumb Code    62  strlen.o(.text)
    __aeabi_memcpy                           0x08000607   Thumb Code     0  rt_memcpy_v6.o(.text)
    __rt_memcpy                              0x08000607   Thumb Code   138  rt_memcpy_v6.o(.text)
    _memcpy_lastbytes                        0x0800066d   Thumb Code     0  rt_memcpy_v6.o(.text)
    __aeabi_memcpy4                          0x08000691   Thumb Code     0  rt_memcpy_w.o(.text)
    __aeabi_memcpy8                          0x08000691   Thumb Code     0  rt_memcpy_w.o(.text)
    __rt_memcpy_w                            0x08000691   Thumb Code   100  rt_memcpy_w.o(.text)
    _memcpy_lastbytes_aligned                0x080006d9   Thumb Code     0  rt_memcpy_w.o(.text)
    __aeabi_memclr                           0x080006f5   Thumb Code     0  rt_memclr.o(.text)
    __rt_memclr                              0x080006f5   Thumb Code    68  rt_memclr.o(.text)
    _memset                                  0x080006f9   Thumb Code     0  rt_memclr.o(.text)
    __aeabi_memclr4                          0x08000739   Thumb Code     0  rt_memclr_w.o(.text)
    __aeabi_memclr8                          0x08000739   Thumb Code     0  rt_memclr_w.o(.text)
    __rt_memclr_w                            0x08000739   Thumb Code    78  rt_memclr_w.o(.text)
    _memset_w                                0x0800073d   Thumb Code     0  rt_memclr_w.o(.text)
    __use_two_region_memory                  0x08000787   Thumb Code     2  heapauxi.o(.text)
    __rt_heap_escrow$2region                 0x08000789   Thumb Code     2  heapauxi.o(.text)
    __rt_heap_expand$2region                 0x0800078b   Thumb Code     2  heapauxi.o(.text)
    __read_errno                             0x0800078d   Thumb Code    10  _rserrno.o(.text)
    __set_errno                              0x08000797   Thumb Code    12  _rserrno.o(.text)
    _printf_pre_padding                      0x080007a3   Thumb Code    44  _printf_pad.o(.text)
    _printf_post_padding                     0x080007cf   Thumb Code    34  _printf_pad.o(.text)
    _printf_truncate_signed                  0x080007f1   Thumb Code    18  _printf_truncate.o(.text)
    _printf_truncate_unsigned                0x08000803   Thumb Code    18  _printf_truncate.o(.text)
    _printf_int_common                       0x08000815   Thumb Code   178  _printf_intcommon.o(.text)
    _printf_charcount                        0x080008c7   Thumb Code    40  _printf_charcount.o(.text)
    _printf_char_common                      0x080008fb   Thumb Code    32  _printf_char_common.o(.text)
    _sputc                                   0x08000921   Thumb Code    10  _sputc.o(.text)
    _printf_cs_common                        0x0800092b   Thumb Code    20  _printf_char.o(.text)
    _printf_char                             0x0800093f   Thumb Code    16  _printf_char.o(.text)
    _printf_string                           0x0800094f   Thumb Code     8  _printf_char.o(.text)
    _printf_wctomb                           0x08000959   Thumb Code   182  _printf_wctomb.o(.text)
    _printf_longlong_dec                     0x08000a15   Thumb Code   108  _printf_longlong_dec.o(.text)
    _printf_longlong_oct                     0x08000a91   Thumb Code    68  _printf_oct_int_ll.o(.text)
    _printf_int_oct                          0x08000ad5   Thumb Code    24  _printf_oct_int_ll.o(.text)
    _printf_ll_oct                           0x08000aed   Thumb Code    12  _printf_oct_int_ll.o(.text)
    _printf_longlong_hex                     0x08000b01   Thumb Code    86  _printf_hex_int_ll_ptr.o(.text)
    _printf_int_hex                          0x08000b57   Thumb Code    28  _printf_hex_int_ll_ptr.o(.text)
    _printf_ll_hex                           0x08000b73   Thumb Code    12  _printf_hex_int_ll_ptr.o(.text)
    _printf_hex_ptr                          0x08000b7f   Thumb Code    18  _printf_hex_int_ll_ptr.o(.text)
    __aeabi_errno_addr                       0x08000b95   Thumb Code     8  rt_errno_addr_intlibspace.o(.text)
    __errno$intlibspace                      0x08000b95   Thumb Code     0  rt_errno_addr_intlibspace.o(.text)
    __rt_errno_addr$intlibspace              0x08000b95   Thumb Code     0  rt_errno_addr_intlibspace.o(.text)
    _ll_udiv10                               0x08000b9d   Thumb Code   138  lludiv10.o(.text)
    __lib_sel_fp_printf                      0x08000c27   Thumb Code     2  _printf_fp_dec.o(.text)
    _printf_fp_dec_real                      0x08000dd5   Thumb Code   620  _printf_fp_dec.o(.text)
    _printf_lcs_common                       0x08001041   Thumb Code    20  _printf_wchar.o(.text)
    _printf_wchar                            0x08001055   Thumb Code    16  _printf_wchar.o(.text)
    _printf_wstring                          0x08001065   Thumb Code     8  _printf_wchar.o(.text)
    _wcrtomb                                 0x0800106d   Thumb Code    64  _wcrtomb.o(.text)
    __user_libspace                          0x080010ad   Thumb Code     8  libspace.o(.text)
    __user_perproc_libspace                  0x080010ad   Thumb Code     0  libspace.o(.text)
    __user_perthread_libspace                0x080010ad   Thumb Code     0  libspace.o(.text)
    __user_setup_stackheap                   0x080010b5   Thumb Code    74  sys_stackheap_outer.o(.text)
    __rt_ctype_table                         0x08001101   Thumb Code    16  rt_ctype_table.o(.text)
    __rt_locale                              0x08001111   Thumb Code     8  rt_locale_intlibspace.o(.text)
    _printf_fp_infnan                        0x08001119   Thumb Code   112  _printf_fp_infnan.o(.text)
    _btod_etento                             0x08001199   Thumb Code   216  bigflt0.o(.text)
    exit                                     0x08001275   Thumb Code    12  exit.o(.text)
    strcmp                                   0x08001281   Thumb Code   128  strcmpv7m.o(.text)
    _sys_exit                                0x08001301   Thumb Code     8  sys_exit.o(.text)
    __I$use$semihosting                      0x0800130d   Thumb Code     0  use_no_semi.o(.text)
    __use_no_semihosting_swi                 0x0800130d   Thumb Code     2  use_no_semi.o(.text)
    __semihosting_library_function           0x0800130f   Thumb Code     0  indicate_semi.o(.text)
    _btod_d2e                                0x0800130f   Thumb Code    62  btod.o(CL$$btod_d2e)
    _d2e_denorm_low                          0x0800134d   Thumb Code    70  btod.o(CL$$btod_d2e_denorm_low)
    _d2e_norm_op1                            0x08001393   Thumb Code    96  btod.o(CL$$btod_d2e_norm_op1)
    __btod_div_common                        0x080013f3   Thumb Code   696  btod.o(CL$$btod_div_common)
    _e2e                                     0x0800172b   Thumb Code   198  btod.o(CL$$btod_e2e)
    _btod_ediv                               0x080017f1   Thumb Code    40  btod.o(CL$$btod_ediv)
    _btod_emul                               0x08001819   Thumb Code    40  btod.o(CL$$btod_emul)
    __btod_mult_common                       0x08001841   Thumb Code   580  btod.o(CL$$btod_mult_common)
    ADC_Cmd                                  0x08001a85   Thumb Code    22  stm32f10x_adc.o(i.ADC_Cmd)
    ADC_DeInit                               0x08001a9d   Thumb Code    78  stm32f10x_adc.o(i.ADC_DeInit)
    ADC_GetCalibrationStatus                 0x08001af9   Thumb Code    20  stm32f10x_adc.o(i.ADC_GetCalibrationStatus)
    ADC_GetConversionValue                   0x08001b0d   Thumb Code     8  stm32f10x_adc.o(i.ADC_GetConversionValue)
    ADC_GetFlagStatus                        0x08001b15   Thumb Code    18  stm32f10x_adc.o(i.ADC_GetFlagStatus)
    ADC_GetResetCalibrationStatus            0x08001b27   Thumb Code    20  stm32f10x_adc.o(i.ADC_GetResetCalibrationStatus)
    ADC_Init                                 0x08001b3d   Thumb Code    70  stm32f10x_adc.o(i.ADC_Init)
    ADC_RegularChannelConfig                 0x08001b8d   Thumb Code   184  stm32f10x_adc.o(i.ADC_RegularChannelConfig)
    ADC_ResetCalibration                     0x08001c45   Thumb Code    10  stm32f10x_adc.o(i.ADC_ResetCalibration)
    ADC_SoftwareStartConvCmd                 0x08001c4f   Thumb Code    22  stm32f10x_adc.o(i.ADC_SoftwareStartConvCmd)
    ADC_StartCalibration                     0x08001c65   Thumb Code    10  stm32f10x_adc.o(i.ADC_StartCalibration)
    Adc_Init                                 0x08001c71   Thumb Code   132  adc.o(i.Adc_Init)
    AliIoT_Parameter_Init                    0x08001cfd   Thumb Code   186  mqtt.o(i.AliIoT_Parameter_Init)
    BusFault_Handler                         0x08001ed1   Thumb Code     2  stm32f10x_it.o(i.BusFault_Handler)
    CMDBuf_Deal                              0x08001ed5   Thumb Code    96  mqtt.o(i.CMDBuf_Deal)
    DHT11_Check                              0x08001f41   Thumb Code    92  dht11.o(i.DHT11_Check)
    DHT11_Init                               0x08001fa5   Thumb Code    58  dht11.o(i.DHT11_Init)
    DHT11_Read_Bit                           0x08001fe5   Thumb Code    70  dht11.o(i.DHT11_Read_Bit)
    DHT11_Read_Byte                          0x08002031   Thumb Code    30  dht11.o(i.DHT11_Read_Byte)
    DHT11_Read_Data                          0x0800204f   Thumb Code    88  dht11.o(i.DHT11_Read_Data)
    DHT11_Rst                                0x080020a9   Thumb Code    52  dht11.o(i.DHT11_Rst)
    DMA1_Channel7_IRQHandler                 0x080020e9   Thumb Code    36  stm32f10x_it.o(i.DMA1_Channel7_IRQHandler)
    DMA_ClearITPendingBit                    0x08002115   Thumb Code    18  stm32f10x_dma.o(i.DMA_ClearITPendingBit)
    DMA_Cmd                                  0x08002131   Thumb Code    24  stm32f10x_dma.o(i.DMA_Cmd)
    DMA_GetCurrDataCounter                   0x08002149   Thumb Code     8  stm32f10x_dma.o(i.DMA_GetCurrDataCounter)
    DMA_GetITStatus                          0x08002151   Thumb Code    36  stm32f10x_dma.o(i.DMA_GetITStatus)
    DMA_ITConfig                             0x0800217d   Thumb Code    18  stm32f10x_dma.o(i.DMA_ITConfig)
    DMA_Init                                 0x0800218f   Thumb Code    60  stm32f10x_dma.o(i.DMA_Init)
    Data_Down                                0x080021cd   Thumb Code   172  datedown.o(i.Data_Down)
    Data_Down_set                            0x080022f5   Thumb Code     2  datedown.o(i.Data_Down_set)
    Data_State                               0x080022f9   Thumb Code   224  dateup.o(i.Data_State)
    DebugMon_Handler                         0x08002441   Thumb Code     2  stm32f10x_it.o(i.DebugMon_Handler)
    Delay_Init                               0x08002443   Thumb Code    12  delay.o(i.Delay_Init)
    Delay_Ms                                 0x08002451   Thumb Code   246  delay.o(i.Delay_Ms)
    Delay_Us                                 0x0800254d   Thumb Code    66  delay.o(i.Delay_Us)
    GPIO_Init                                0x0800258f   Thumb Code   278  stm32f10x_gpio.o(i.GPIO_Init)
    GPIO_ReadOutputDataBit                   0x080026a5   Thumb Code    18  stm32f10x_gpio.o(i.GPIO_ReadOutputDataBit)
    GPIO_ResetBits                           0x080026b7   Thumb Code     4  stm32f10x_gpio.o(i.GPIO_ResetBits)
    GPIO_SetBits                             0x080026bb   Thumb Code     4  stm32f10x_gpio.o(i.GPIO_SetBits)
    GPIO_WriteBit                            0x080026bf   Thumb Code    10  stm32f10x_gpio.o(i.GPIO_WriteBit)
    Get_ADCValue_MQ2                         0x080026c9   Thumb Code    42  mq2.o(i.Get_ADCValue_MQ2)
    Get_Adc                                  0x080026f5   Thumb Code    46  adc.o(i.Get_Adc)
    Get_Adc_Average                          0x08002729   Thumb Code    46  adc.o(i.Get_Adc_Average)
    HardFault_Handler                        0x08002757   Thumb Code     2  stm32f10x_it.o(i.HardFault_Handler)
    IIC_StarT                                0x08002759   Thumb Code    44  oled.o(i.IIC_StarT)
    IIC_StoP                                 0x08002789   Thumb Code    34  oled.o(i.IIC_StoP)
    IIC_Wait_AcK                             0x080027b1   Thumb Code    24  oled.o(i.IIC_Wait_AcK)
    IWDG_Enable                              0x080027cd   Thumb Code    10  stm32f10x_iwdg.o(i.IWDG_Enable)
    IWDG_Feed                                0x080027dd   Thumb Code     8  iwdg.o(i.IWDG_Feed)
    IWDG_Init                                0x080027e5   Thumb Code    36  iwdg.o(i.IWDG_Init)
    IWDG_ReloadCounter                       0x08002809   Thumb Code    10  stm32f10x_iwdg.o(i.IWDG_ReloadCounter)
    IWDG_SetPrescaler                        0x08002819   Thumb Code     6  stm32f10x_iwdg.o(i.IWDG_SetPrescaler)
    IWDG_SetReload                           0x08002825   Thumb Code     6  stm32f10x_iwdg.o(i.IWDG_SetReload)
    IWDG_WriteAccessCmd                      0x08002831   Thumb Code     6  stm32f10x_iwdg.o(i.IWDG_WriteAccessCmd)
    MQ2_GetPPM                               0x0800283d   Thumb Code   224  mq2.o(i.MQ2_GetPPM)
    MQTT_Buff_Init                           0x08002951   Thumb Code    90  mqtt.o(i.MQTT_Buff_Init)
    MQTT_ConectPack                          0x08002a29   Thumb Code   496  mqtt.o(i.MQTT_ConectPack)
    MQTT_DealPushdata_Qs0                    0x08002c41   Thumb Code   234  mqtt.o(i.MQTT_DealPushdata_Qs0)
    MQTT_PingREQ                             0x08002d49   Thumb Code    22  mqtt.o(i.MQTT_PingREQ)
    MQTT_PublishQs0                          0x08002d65   Thumb Code   220  mqtt.o(i.MQTT_PublishQs0)
    MQTT_Subscribe                           0x08002e51   Thumb Code   134  mqtt.o(i.MQTT_Subscribe)
    MemManage_Handler                        0x08002ee9   Thumb Code     2  stm32f10x_it.o(i.MemManage_Handler)
    NMI_Handler                              0x08002eeb   Thumb Code     2  stm32f10x_it.o(i.NMI_Handler)
    NVIC_Init                                0x08002eed   Thumb Code   100  misc.o(i.NVIC_Init)
    NVIC_PriorityGroupConfig                 0x08002f5d   Thumb Code    10  misc.o(i.NVIC_PriorityGroupConfig)
    OLED_Clear                               0x08002f71   Thumb Code    62  oled.o(i.OLED_Clear)
    OLED_Init                                0x08002fb1   Thumb Code   274  oled.o(i.OLED_Init)
    OLED_Set_Pos                             0x080030c9   Thumb Code    40  oled.o(i.OLED_Set_Pos)
    OLED_ShowCHinese                         0x080030f1   Thumb Code    98  oled.o(i.OLED_ShowCHinese)
    OLED_ShowChar                            0x08003159   Thumb Code   154  oled.o(i.OLED_ShowChar)
    OLED_ShowNum                             0x080031fd   Thumb Code   136  oled.o(i.OLED_ShowNum)
    OLED_WR_Byte                             0x08003285   Thumb Code    24  oled.o(i.OLED_WR_Byte)
    PendSV_Handler                           0x0800329d   Thumb Code     2  stm32f10x_it.o(i.PendSV_Handler)
    RCC_ADCCLKConfig                         0x080032a1   Thumb Code    18  stm32f10x_rcc.o(i.RCC_ADCCLKConfig)
    RCC_AHBPeriphClockCmd                    0x080032b9   Thumb Code    26  stm32f10x_rcc.o(i.RCC_AHBPeriphClockCmd)
    RCC_APB1PeriphClockCmd                   0x080032d9   Thumb Code    26  stm32f10x_rcc.o(i.RCC_APB1PeriphClockCmd)
    RCC_APB1PeriphResetCmd                   0x080032f9   Thumb Code    26  stm32f10x_rcc.o(i.RCC_APB1PeriphResetCmd)
    RCC_APB2PeriphClockCmd                   0x08003319   Thumb Code    26  stm32f10x_rcc.o(i.RCC_APB2PeriphClockCmd)
    RCC_APB2PeriphResetCmd                   0x08003339   Thumb Code    26  stm32f10x_rcc.o(i.RCC_APB2PeriphResetCmd)
    RCC_GetClocksFreq                        0x08003359   Thumb Code   192  stm32f10x_rcc.o(i.RCC_GetClocksFreq)
    SVC_Handler                              0x0800342d   Thumb Code     2  stm32f10x_it.o(i.SVC_Handler)
    SW1_State                                0x08003431   Thumb Code    54  switch.o(i.SW1_State)
    SW2_State                                0x080034a9   Thumb Code    54  switch.o(i.SW2_State)
    SW_Init                                  0x08003521   Thumb Code    74  switch.o(i.SW_Init)
    SysTick_CLKSourceConfig                  0x0800365d   Thumb Code    40  misc.o(i.SysTick_CLKSourceConfig)
    SysTick_Handler                          0x08003685   Thumb Code     2  stm32f10x_it.o(i.SysTick_Handler)
    SystemInit                               0x08003689   Thumb Code    78  system_stm32f10x.o(i.SystemInit)
    TIM2_ENABLE_1S                           0x080036e9   Thumb Code   118  timer2.o(i.TIM2_ENABLE_1S)
    TIM2_IRQHandler                          0x08003761   Thumb Code    32  stm32f10x_it.o(i.TIM2_IRQHandler)
    TIM3_ENABLE_2S                           0x08003785   Thumb Code   116  timer3.o(i.TIM3_ENABLE_2S)
    TIM3_ENABLE_30S                          0x080037fd   Thumb Code   114  timer3.o(i.TIM3_ENABLE_30S)
    TIM3_IRQHandler                          0x08003875   Thumb Code    94  stm32f10x_it.o(i.TIM3_IRQHandler)
    TIM_ClearITPendingBit                    0x080038e1   Thumb Code     6  stm32f10x_tim.o(i.TIM_ClearITPendingBit)
    TIM_Cmd                                  0x080038e7   Thumb Code    24  stm32f10x_tim.o(i.TIM_Cmd)
    TIM_DeInit                               0x08003901   Thumb Code   424  stm32f10x_tim.o(i.TIM_DeInit)
    TIM_GetITStatus                          0x08003ae9   Thumb Code    34  stm32f10x_tim.o(i.TIM_GetITStatus)
    TIM_ITConfig                             0x08003b0b   Thumb Code    18  stm32f10x_tim.o(i.TIM_ITConfig)
    TIM_TimeBaseInit                         0x08003b1d   Thumb Code   122  stm32f10x_tim.o(i.TIM_TimeBaseInit)
    TxDataBuf_Deal                           0x08003bc1   Thumb Code    86  mqtt.o(i.TxDataBuf_Deal)
    USART2_IRQHandler                        0x08003c25   Thumb Code   206  stm32f10x_it.o(i.USART2_IRQHandler)
    USART_ClearFlag                          0x08003d15   Thumb Code    18  stm32f10x_usart.o(i.USART_ClearFlag)
    USART_Cmd                                0x08003d27   Thumb Code    24  stm32f10x_usart.o(i.USART_Cmd)
    USART_DMACmd                             0x08003d3f   Thumb Code    18  stm32f10x_usart.o(i.USART_DMACmd)
    USART_DeInit                             0x08003d51   Thumb Code   134  stm32f10x_usart.o(i.USART_DeInit)
    USART_GetITStatus                        0x08003ded   Thumb Code    84  stm32f10x_usart.o(i.USART_GetITStatus)
    USART_ITConfig                           0x08003e41   Thumb Code    74  stm32f10x_usart.o(i.USART_ITConfig)
    USART_Init                               0x08003e8d   Thumb Code   210  stm32f10x_usart.o(i.USART_Init)
    UsageFault_Handler                       0x08003f65   Thumb Code     2  stm32f10x_it.o(i.UsageFault_Handler)
    Usart1_Init                              0x08003f69   Thumb Code   118  usart1.o(i.Usart1_Init)
    Usart2DMA_init                           0x08003fe9   Thumb Code   192  usart2.o(i.Usart2DMA_init)
    Usart2_IDELInit                          0x080040b9   Thumb Code   198  usart2.o(i.Usart2_IDELInit)
    Usart2_Init                              0x08004189   Thumb Code   182  usart2.o(i.Usart2_Init)
    WiFi_Connect_IoTServer                   0x08004249   Thumb Code   232  wifi.o(i.WiFi_Connect_IoTServer)
    WiFi_Connect_Server                      0x08004539   Thumb Code   190  wifi.o(i.WiFi_Connect_Server)
    WiFi_JoinAP                              0x0800468d   Thumb Code    88  wifi.o(i.WiFi_JoinAP)
    WiFi_Reset                               0x08004735   Thumb Code    88  wifi.o(i.WiFi_Reset)
    WiFi_ResetIO_Init                        0x080047a5   Thumb Code    48  wifi.o(i.WiFi_ResetIO_Init)
    WiFi_SendCmd                             0x080047d9   Thumb Code    86  wifi.o(i.WiFi_SendCmd)
    Write_IIC_Byte                           0x0800484d   Thumb Code    88  oled.o(i.Write_IIC_Byte)
    Write_IIC_Command                        0x080048a9   Thumb Code    44  oled.o(i.Write_IIC_Command)
    Write_IIC_Data                           0x080048d5   Thumb Code    44  oled.o(i.Write_IIC_Data)
    __ARM_fpclassify                         0x08004901   Thumb Code    40  fpclassify.o(i.__ARM_fpclassify)
    __kernel_poly                            0x08004929   Thumb Code   170  poly.o(i.__kernel_poly)
    __mathlib_dbl_divzero                    0x080049d5   Thumb Code    12  dunder.o(i.__mathlib_dbl_divzero)
    __mathlib_dbl_infnan2                    0x080049e5   Thumb Code     4  dunder.o(i.__mathlib_dbl_infnan2)
    __mathlib_dbl_invalid                    0x080049e9   Thumb Code    12  dunder.o(i.__mathlib_dbl_invalid)
    __mathlib_dbl_overflow                   0x080049f5   Thumb Code    14  dunder.o(i.__mathlib_dbl_overflow)
    __mathlib_dbl_underflow                  0x08004a05   Thumb Code    10  dunder.o(i.__mathlib_dbl_underflow)
    _is_digit                                0x08004a15   Thumb Code    14  __printf_wp.o(i._is_digit)
    connet_first                             0x08004a25   Thumb Code   118  mqtt.o(i.connet_first)
    connet_on                                0x08004add   Thumb Code   414  mqtt.o(i.connet_on)
    main                                     0x08004e19   Thumb Code    90  main.o(i.main)
    oled_pow                                 0x08004e7d   Thumb Code    22  oled.o(i.oled_pow)
    pow                                      0x08004e95   Thumb Code  2478  pow.o(i.pow)
    sqrt                                     0x0800584d   Thumb Code    76  sqrt.o(i.sqrt)
    u1_printf                                0x08005899   Thumb Code    84  usart1.o(i.u1_printf)
    u2_TxData                                0x080058f5   Thumb Code    44  usart2.o(i.u2_TxData)
    u2_printf                                0x08005929   Thumb Code    84  usart2.o(i.u2_printf)
    utils_hb2hex                             0x08005985   Thumb Code    24  utils_md5.o(i.utils_hb2hex)
    utils_hmac_sha1                          0x0800599d   Thumb Code   232  utils_hmac.o(i.utils_hmac_sha1)
    utils_sha1_finish                        0x08005a85   Thumb Code   228  utils_sha1.o(i.utils_sha1_finish)
    utils_sha1_init                          0x08005b6d   Thumb Code    14  utils_sha1.o(i.utils_sha1_init)
    utils_sha1_process                       0x08005b7d   Thumb Code  6420  utils_sha1.o(i.utils_sha1_process)
    utils_sha1_starts                        0x08007499   Thumb Code    30  utils_sha1.o(i.utils_sha1_starts)
    utils_sha1_update                        0x080074c5   Thumb Code   124  utils_sha1.o(i.utils_sha1_update)
    _get_lc_numeric                          0x08007541   Thumb Code    44  lc_numeric_c.o(locale$$code)
    _get_lc_ctype                            0x0800756d   Thumb Code    44  lc_ctype_c.o(locale$$code)
    __aeabi_d2f                              0x08007599   Thumb Code     0  d2f.o(x$fpl$d2f)
    _d2f                                     0x08007599   Thumb Code    98  d2f.o(x$fpl$d2f)
    __aeabi_dadd                             0x080075fd   Thumb Code     0  daddsub_clz.o(x$fpl$dadd)
    _dadd                                    0x080075fd   Thumb Code   332  daddsub_clz.o(x$fpl$dadd)
    __fpl_dcheck_NaN1                        0x0800774d   Thumb Code    10  dcheck1.o(x$fpl$dcheck1)
    __fpl_dcmp_Inf                           0x0800775d   Thumb Code    24  dcmpi.o(x$fpl$dcmpinf)
    __aeabi_ddiv                             0x08007775   Thumb Code     0  ddiv.o(x$fpl$ddiv)
    _ddiv                                    0x08007775   Thumb Code   552  ddiv.o(x$fpl$ddiv)
    __aeabi_d2iz                             0x08007a25   Thumb Code     0  dfix.o(x$fpl$dfix)
    _dfix                                    0x08007a25   Thumb Code    94  dfix.o(x$fpl$dfix)
    __aeabi_i2d                              0x08007a83   Thumb Code     0  dflt_clz.o(x$fpl$dflt)
    _dflt                                    0x08007a83   Thumb Code    46  dflt_clz.o(x$fpl$dflt)
    __aeabi_cdcmple                          0x08007ab1   Thumb Code     0  dleqf.o(x$fpl$dleqf)
    _dcmple                                  0x08007ab1   Thumb Code   120  dleqf.o(x$fpl$dleqf)
    __fpl_dcmple_InfNaN                      0x08007b13   Thumb Code     0  dleqf.o(x$fpl$dleqf)
    __aeabi_dmul                             0x08007b29   Thumb Code     0  dmul.o(x$fpl$dmul)
    _dmul                                    0x08007b29   Thumb Code   332  dmul.o(x$fpl$dmul)
    __fpl_dnaninf                            0x08007c7d   Thumb Code   156  dnaninf.o(x$fpl$dnaninf)
    __fpl_dretinf                            0x08007d19   Thumb Code    12  dretinf.o(x$fpl$dretinf)
    __aeabi_cdrcmple                         0x08007d25   Thumb Code     0  drleqf.o(x$fpl$drleqf)
    _drcmple                                 0x08007d25   Thumb Code   108  drleqf.o(x$fpl$drleqf)
    __aeabi_drsub                            0x08007d91   Thumb Code     0  daddsub_clz.o(x$fpl$drsb)
    _drsb                                    0x08007d91   Thumb Code    22  daddsub_clz.o(x$fpl$drsb)
    _dsqrt                                   0x08007da9   Thumb Code   456  dsqrt_noumaal.o(x$fpl$dsqrt)
    __aeabi_dsub                             0x08007f75   Thumb Code     0  daddsub_clz.o(x$fpl$dsub)
    _dsub                                    0x08007f75   Thumb Code   464  daddsub_clz.o(x$fpl$dsub)
    __aeabi_f2d                              0x08008149   Thumb Code     0  f2d.o(x$fpl$f2d)
    _f2d                                     0x08008149   Thumb Code    86  f2d.o(x$fpl$f2d)
    __aeabi_fadd                             0x080081a1   Thumb Code     0  faddsub_clz.o(x$fpl$fadd)
    _fadd                                    0x080081a1   Thumb Code   196  faddsub_clz.o(x$fpl$fadd)
    __aeabi_fdiv                             0x08008265   Thumb Code     0  fdiv.o(x$fpl$fdiv)
    _fdiv                                    0x08008265   Thumb Code   384  fdiv.o(x$fpl$fdiv)
    __aeabi_f2iz                             0x080083e9   Thumb Code     0  ffix.o(x$fpl$ffix)
    _ffix                                    0x080083e9   Thumb Code    54  ffix.o(x$fpl$ffix)
    __aeabi_i2f                              0x08008421   Thumb Code     0  fflt_clz.o(x$fpl$fflt)
    _fflt                                    0x08008421   Thumb Code    48  fflt_clz.o(x$fpl$fflt)
    __aeabi_ui2f                             0x08008451   Thumb Code     0  fflt_clz.o(x$fpl$ffltu)
    _ffltu                                   0x08008451   Thumb Code    38  fflt_clz.o(x$fpl$ffltu)
    __aeabi_fmul                             0x08008479   Thumb Code     0  fmul.o(x$fpl$fmul)
    _fmul                                    0x08008479   Thumb Code   258  fmul.o(x$fpl$fmul)
    __fpl_fnaninf                            0x0800857b   Thumb Code   140  fnaninf.o(x$fpl$fnaninf)
    __fpl_fretinf                            0x08008607   Thumb Code    10  fretinf.o(x$fpl$fretinf)
    __aeabi_fsub                             0x08008611   Thumb Code     0  faddsub_clz.o(x$fpl$fsub)
    _fsub                                    0x08008611   Thumb Code   234  faddsub_clz.o(x$fpl$fsub)
    _printf_fp_dec                           0x080086fb   Thumb Code     4  printf1.o(x$fpl$printf1)
    __fpl_return_NaN                         0x080086ff   Thumb Code   100  retnan.o(x$fpl$retnan)
    __ARM_scalbn                             0x08008763   Thumb Code    92  scalbn.o(x$fpl$scalbn)
    __fpl_cmpreturn                          0x080087bf   Thumb Code    48  trapv.o(x$fpl$trapveneer)
    F6x8                                     0x080087ee   Data         552  oled.o(.constdata)
    __I$use$fp                               0x080087ee   Number         0  usenofp.o(x$fpl$usenofp)
    F8X16                                    0x08008a16   Data        1520  oled.o(.constdata)
    __mathlib_zero                           0x08009110   Data           8  qnan.o(.constdata)
    Region$$Table$$Base                      0x080093e4   Number         0  anon$$obj.o(Region$$Table)
    Region$$Table$$Limit                     0x08009404   Number         0  anon$$obj.o(Region$$Table)
    __ctype                                  0x0800942d   Data           0  lc_ctype_c.o(locale$$data)
    TEHUTimer                                0x20000000   Data           4  main.o(.data)
    SystemTimer                              0x20000004   Data           4  main.o(.data)
    Usart2_RxCompleted                       0x20000008   Data           1  usart2.o(.data)
    Usart2_RxCounter                         0x2000000c   Data           4  usart2.o(.data)
    DMA_flag                                 0x20000010   Data           1  usart2.o(.data)
    wifi_mode                                0x20000011   Data           1  wifi.o(.data)
    MQTT_RxDataInPtr                         0x20000014   Data           4  mqtt.o(.data)
    MQTT_RxDataOutPtr                        0x20000018   Data           4  mqtt.o(.data)
    MQTT_RxDataEndPtr                        0x2000001c   Data           4  mqtt.o(.data)
    MQTT_TxDataInPtr                         0x20000020   Data           4  mqtt.o(.data)
    MQTT_TxDataOutPtr                        0x20000024   Data           4  mqtt.o(.data)
    MQTT_TxDataEndPtr                        0x20000028   Data           4  mqtt.o(.data)
    MQTT_CMDInPtr                            0x2000002c   Data           4  mqtt.o(.data)
    MQTT_CMDOutPtr                           0x20000030   Data           4  mqtt.o(.data)
    MQTT_CMDEndPtr                           0x20000034   Data           4  mqtt.o(.data)
    ClientID_len                             0x20000038   Data           4  mqtt.o(.data)
    Username_len                             0x2000003c   Data           4  mqtt.o(.data)
    Passward_len                             0x20000040   Data           4  mqtt.o(.data)
    ServerPort                               0x20000044   Data           4  mqtt.o(.data)
    Fixed_len                                0x20000048   Data           4  mqtt.o(.data)
    Variable_len                             0x2000004c   Data           4  mqtt.o(.data)
    Payload_len                              0x20000050   Data           4  mqtt.o(.data)
    Ping_flag                                0x20000054   Data           1  mqtt.o(.data)
    Connect_flag                             0x20000055   Data           1  mqtt.o(.data)
    ConnectPack_flag                         0x20000056   Data           1  mqtt.o(.data)
    SubcribePack_flag                        0x20000057   Data           1  mqtt.o(.data)
    Hzk                                      0x20000058   Data        1088  oled.o(.data)
    times_mq2                                0x2000049c   Data           2  mq2.o(.data)
    Usart1_TxBuff                            0x200004b8   Data         256  usart1.o(.bss)
    Usart2_RxBuff                            0x200005b8   Data        1024  usart2.o(.bss)
    USART2_TxBuff                            0x200009b8   Data        1024  usart2.o(.bss)
    MQTT_RxDataBuf                           0x20000db8   Data        2400  mqtt.o(.bss)
    MQTT_TxDataBuf                           0x20001718   Data        2400  mqtt.o(.bss)
    MQTT_CMDBuf                              0x20002078   Data        2400  mqtt.o(.bss)
    ClientID                                 0x200029d8   Data         128  mqtt.o(.bss)
    Username                                 0x20002a58   Data         128  mqtt.o(.bss)
    Passward                                 0x20002ad8   Data         128  mqtt.o(.bss)
    ServerIP                                 0x20002b58   Data         128  mqtt.o(.bss)
    temp_buff                                0x20002bd8   Data         300  mqtt.o(.bss)
    __libspace_start                         0x20002d04   Data          96  libspace.o(.bss)
    __temporary_stack_top$libspace           0x20002d64   Data           0  libspace.o(.bss)



==============================================================================

Memory Map of the image

  Image Entry point : 0x080002c1

  Load Region LR_1 (Base: 0x08000000, Size: 0x000099e4, Max: 0xffffffff, ABSOLUTE, COMPRESSED[0x00009720])

    Execution Region ER_RO (Base: 0x08000000, Size: 0x00009530, Max: 0xffffffff, ABSOLUTE)

    Base Addr    Size         Type   Attr      Idx    E Section Name        Object

    0x08000000   0x00000130   Data   RO          962    RESET               startup_stm32f10x_hd.o
    0x08000130   0x00000008   Code   RO         2654  * !!!main             c_w.l(__main.o)
    0x08000138   0x00000034   Code   RO         3052    !!!scatter          c_w.l(__scatter.o)
    0x0800016c   0x00000064   Code   RO         3050    !!dclz77c           c_w.l(__dclz77c.o)
    0x080001d0   0x0000001c   Code   RO         3054    !!handler_zi        c_w.l(__scatter_zi.o)
    0x080001ec   0x00000000   Code   RO         2637    .ARM.Collect$$_printf_percent$$00000000  c_w.l(_printf_percent.o)
    0x080001ec   0x00000006   Code   RO         2758    .ARM.Collect$$_printf_percent$$00000001  c_w.l(_printf_n.o)
    0x080001f2   0x00000006   Code   RO         2760    .ARM.Collect$$_printf_percent$$00000002  c_w.l(_printf_p.o)
    0x080001f8   0x00000006   Code   RO         2764    .ARM.Collect$$_printf_percent$$00000003  c_w.l(_printf_f.o)
    0x080001fe   0x00000006   Code   RO         2765    .ARM.Collect$$_printf_percent$$00000004  c_w.l(_printf_e.o)
    0x08000204   0x00000006   Code   RO         2766    .ARM.Collect$$_printf_percent$$00000005  c_w.l(_printf_g.o)
    0x0800020a   0x00000006   Code   RO         2767    .ARM.Collect$$_printf_percent$$00000006  c_w.l(_printf_a.o)
    0x08000210   0x0000000a   Code   RO         2772    .ARM.Collect$$_printf_percent$$00000007  c_w.l(_printf_ll.o)
    0x0800021a   0x00000006   Code   RO         2762    .ARM.Collect$$_printf_percent$$00000008  c_w.l(_printf_i.o)
    0x08000220   0x00000006   Code   RO         2636    .ARM.Collect$$_printf_percent$$00000009  c_w.l(_printf_d.o)
    0x08000226   0x00000006   Code   RO         2763    .ARM.Collect$$_printf_percent$$0000000A  c_w.l(_printf_u.o)
    0x0800022c   0x00000006   Code   RO         2761    .ARM.Collect$$_printf_percent$$0000000B  c_w.l(_printf_o.o)
    0x08000232   0x00000006   Code   RO         2759    .ARM.Collect$$_printf_percent$$0000000C  c_w.l(_printf_x.o)
    0x08000238   0x00000006   Code   RO         2769    .ARM.Collect$$_printf_percent$$0000000D  c_w.l(_printf_lli.o)
    0x0800023e   0x00000006   Code   RO         2770    .ARM.Collect$$_printf_percent$$0000000E  c_w.l(_printf_lld.o)
    0x08000244   0x00000006   Code   RO         2771    .ARM.Collect$$_printf_percent$$0000000F  c_w.l(_printf_llu.o)
    0x0800024a   0x00000006   Code   RO         2776    .ARM.Collect$$_printf_percent$$00000010  c_w.l(_printf_llo.o)
    0x08000250   0x00000006   Code   RO         2777    .ARM.Collect$$_printf_percent$$00000011  c_w.l(_printf_llx.o)
    0x08000256   0x0000000a   Code   RO         2773    .ARM.Collect$$_printf_percent$$00000012  c_w.l(_printf_l.o)
    0x08000260   0x00000006   Code   RO         2757    .ARM.Collect$$_printf_percent$$00000013  c_w.l(_printf_c.o)
    0x08000266   0x00000006   Code   RO         2635    .ARM.Collect$$_printf_percent$$00000014  c_w.l(_printf_s.o)
    0x0800026c   0x00000006   Code   RO         2774    .ARM.Collect$$_printf_percent$$00000015  c_w.l(_printf_lc.o)
    0x08000272   0x00000006   Code   RO         2775    .ARM.Collect$$_printf_percent$$00000016  c_w.l(_printf_ls.o)
    0x08000278   0x00000004   Code   RO         2768    .ARM.Collect$$_printf_percent$$00000017  c_w.l(_printf_percent_end.o)
    0x0800027c   0x00000002   Code   RO         2911    .ARM.Collect$$libinit$$00000000  c_w.l(libinit.o)
    0x0800027e   0x00000000   Code   RO         2926    .ARM.Collect$$libinit$$00000002  c_w.l(libinit2.o)
    0x0800027e   0x00000000   Code   RO         2928    .ARM.Collect$$libinit$$00000004  c_w.l(libinit2.o)
    0x0800027e   0x00000000   Code   RO         2931    .ARM.Collect$$libinit$$0000000A  c_w.l(libinit2.o)
    0x0800027e   0x00000000   Code   RO         2933    .ARM.Collect$$libinit$$0000000C  c_w.l(libinit2.o)
    0x0800027e   0x00000000   Code   RO         2935    .ARM.Collect$$libinit$$0000000E  c_w.l(libinit2.o)
    0x0800027e   0x00000006   Code   RO         2936    .ARM.Collect$$libinit$$0000000F  c_w.l(libinit2.o)
    0x08000284   0x00000000   Code   RO         2938    .ARM.Collect$$libinit$$00000011  c_w.l(libinit2.o)
    0x08000284   0x0000000c   Code   RO         2939    .ARM.Collect$$libinit$$00000012  c_w.l(libinit2.o)
    0x08000290   0x00000000   Code   RO         2940    .ARM.Collect$$libinit$$00000013  c_w.l(libinit2.o)
    0x08000290   0x00000000   Code   RO         2942    .ARM.Collect$$libinit$$00000015  c_w.l(libinit2.o)
    0x08000290   0x0000000a   Code   RO         2943    .ARM.Collect$$libinit$$00000016  c_w.l(libinit2.o)
    0x0800029a   0x00000000   Code   RO         2944    .ARM.Collect$$libinit$$00000017  c_w.l(libinit2.o)
    0x0800029a   0x00000000   Code   RO         2946    .ARM.Collect$$libinit$$00000019  c_w.l(libinit2.o)
    0x0800029a   0x00000000   Code   RO         2948    .ARM.Collect$$libinit$$0000001B  c_w.l(libinit2.o)
    0x0800029a   0x00000000   Code   RO         2950    .ARM.Collect$$libinit$$0000001D  c_w.l(libinit2.o)
    0x0800029a   0x00000000   Code   RO         2952    .ARM.Collect$$libinit$$0000001F  c_w.l(libinit2.o)
    0x0800029a   0x00000000   Code   RO         2954    .ARM.Collect$$libinit$$00000021  c_w.l(libinit2.o)
    0x0800029a   0x00000000   Code   RO         2956    .ARM.Collect$$libinit$$00000023  c_w.l(libinit2.o)
    0x0800029a   0x00000000   Code   RO         2958    .ARM.Collect$$libinit$$00000025  c_w.l(libinit2.o)
    0x0800029a   0x00000000   Code   RO         2962    .ARM.Collect$$libinit$$0000002C  c_w.l(libinit2.o)
    0x0800029a   0x00000000   Code   RO         2964    .ARM.Collect$$libinit$$0000002E  c_w.l(libinit2.o)
    0x0800029a   0x00000000   Code   RO         2966    .ARM.Collect$$libinit$$00000030  c_w.l(libinit2.o)
    0x0800029a   0x00000000   Code   RO         2968    .ARM.Collect$$libinit$$00000032  c_w.l(libinit2.o)
    0x0800029a   0x00000002   Code   RO         2969    .ARM.Collect$$libinit$$00000033  c_w.l(libinit2.o)
    0x0800029c   0x00000002   Code   RO         2991    .ARM.Collect$$libshutdown$$00000000  c_w.l(libshutdown.o)
    0x0800029e   0x00000000   Code   RO         3005    .ARM.Collect$$libshutdown$$00000003  c_w.l(libshutdown2.o)
    0x0800029e   0x00000000   Code   RO         3008    .ARM.Collect$$libshutdown$$00000006  c_w.l(libshutdown2.o)
    0x0800029e   0x00000000   Code   RO         3011    .ARM.Collect$$libshutdown$$00000009  c_w.l(libshutdown2.o)
    0x0800029e   0x00000000   Code   RO         3013    .ARM.Collect$$libshutdown$$0000000B  c_w.l(libshutdown2.o)
    0x0800029e   0x00000000   Code   RO         3016    .ARM.Collect$$libshutdown$$0000000E  c_w.l(libshutdown2.o)
    0x0800029e   0x00000002   Code   RO         3017    .ARM.Collect$$libshutdown$$0000000F  c_w.l(libshutdown2.o)
    0x080002a0   0x00000000   Code   RO         2708    .ARM.Collect$$rtentry$$00000000  c_w.l(__rtentry.o)
    0x080002a0   0x00000000   Code   RO         2827    .ARM.Collect$$rtentry$$00000002  c_w.l(__rtentry2.o)
    0x080002a0   0x00000006   Code   RO         2839    .ARM.Collect$$rtentry$$00000004  c_w.l(__rtentry4.o)
    0x080002a6   0x00000000   Code   RO         2829    .ARM.Collect$$rtentry$$00000009  c_w.l(__rtentry2.o)
    0x080002a6   0x00000004   Code   RO         2830    .ARM.Collect$$rtentry$$0000000A  c_w.l(__rtentry2.o)
    0x080002aa   0x00000000   Code   RO         2832    .ARM.Collect$$rtentry$$0000000C  c_w.l(__rtentry2.o)
    0x080002aa   0x00000008   Code   RO         2833    .ARM.Collect$$rtentry$$0000000D  c_w.l(__rtentry2.o)
    0x080002b2   0x00000002   Code   RO         2918    .ARM.Collect$$rtexit$$00000000  c_w.l(rtexit.o)
    0x080002b4   0x00000000   Code   RO         2973    .ARM.Collect$$rtexit$$00000002  c_w.l(rtexit2.o)
    0x080002b4   0x00000004   Code   RO         2974    .ARM.Collect$$rtexit$$00000003  c_w.l(rtexit2.o)
    0x080002b8   0x00000006   Code   RO         2975    .ARM.Collect$$rtexit$$00000004  c_w.l(rtexit2.o)
    0x080002be   0x00000002   PAD
    0x080002c0   0x00000040   Code   RO          963  * .text               startup_stm32f10x_hd.o
    0x08000300   0x00000024   Code   RO         2603    .text               c_w.l(c89vsprintf.o)
    0x08000324   0x0000002c   Code   RO         2605    .text               c_w.l(__2sprintf.o)
    0x08000350   0x00000052   Code   RO         2611    .text               c_w.l(_printf_str.o)
    0x080003a2   0x00000002   PAD
    0x080003a4   0x00000078   Code   RO         2613    .text               c_w.l(_printf_dec.o)
    0x0800041c   0x00000188   Code   RO         2632    .text               c_w.l(__printf_flags_ss_wp.o)
    0x080005a4   0x00000024   Code   RO         2638    .text               c_w.l(strstr.o)
    0x080005c8   0x0000003e   Code   RO         2640    .text               c_w.l(strlen.o)
    0x08000606   0x0000008a   Code   RO         2642    .text               c_w.l(rt_memcpy_v6.o)
    0x08000690   0x00000064   Code   RO         2644    .text               c_w.l(rt_memcpy_w.o)
    0x080006f4   0x00000044   Code   RO         2648    .text               c_w.l(rt_memclr.o)
    0x08000738   0x0000004e   Code   RO         2650    .text               c_w.l(rt_memclr_w.o)
    0x08000786   0x00000006   Code   RO         2652    .text               c_w.l(heapauxi.o)
    0x0800078c   0x00000016   Code   RO         2709    .text               c_w.l(_rserrno.o)
    0x080007a2   0x0000004e   Code   RO         2711    .text               c_w.l(_printf_pad.o)
    0x080007f0   0x00000024   Code   RO         2713    .text               c_w.l(_printf_truncate.o)
    0x08000814   0x000000b2   Code   RO         2715    .text               c_w.l(_printf_intcommon.o)
    0x080008c6   0x00000028   Code   RO         2717    .text               c_w.l(_printf_charcount.o)
    0x080008ee   0x00000002   PAD
    0x080008f0   0x00000030   Code   RO         2719    .text               c_w.l(_printf_char_common.o)
    0x08000920   0x0000000a   Code   RO         2721    .text               c_w.l(_sputc.o)
    0x0800092a   0x0000002c   Code   RO         2723    .text               c_w.l(_printf_char.o)
    0x08000956   0x00000002   PAD
    0x08000958   0x000000bc   Code   RO         2725    .text               c_w.l(_printf_wctomb.o)
    0x08000a14   0x0000007c   Code   RO         2728    .text               c_w.l(_printf_longlong_dec.o)
    0x08000a90   0x00000070   Code   RO         2734    .text               c_w.l(_printf_oct_int_ll.o)
    0x08000b00   0x00000094   Code   RO         2754    .text               c_w.l(_printf_hex_int_ll_ptr.o)
    0x08000b94   0x00000008   Code   RO         2844    .text               c_w.l(rt_errno_addr_intlibspace.o)
    0x08000b9c   0x0000008a   Code   RO         2846    .text               c_w.l(lludiv10.o)
    0x08000c26   0x0000041a   Code   RO         2848    .text               c_w.l(_printf_fp_dec.o)
    0x08001040   0x0000002c   Code   RO         2852    .text               c_w.l(_printf_wchar.o)
    0x0800106c   0x00000040   Code   RO         2854    .text               c_w.l(_wcrtomb.o)
    0x080010ac   0x00000008   Code   RO         2862    .text               c_w.l(libspace.o)
    0x080010b4   0x0000004a   Code   RO         2865    .text               c_w.l(sys_stackheap_outer.o)
    0x080010fe   0x00000002   PAD
    0x08001100   0x00000010   Code   RO         2867    .text               c_w.l(rt_ctype_table.o)
    0x08001110   0x00000008   Code   RO         2872    .text               c_w.l(rt_locale_intlibspace.o)
    0x08001118   0x00000080   Code   RO         2874    .text               c_w.l(_printf_fp_infnan.o)
    0x08001198   0x000000dc   Code   RO         2876    .text               c_w.l(bigflt0.o)
    0x08001274   0x0000000c   Code   RO         2904    .text               c_w.l(exit.o)
    0x08001280   0x00000080   Code   RO         2923    .text               c_w.l(strcmpv7m.o)
    0x08001300   0x0000000c   Code   RO         2983    .text               c_w.l(sys_exit.o)
    0x0800130c   0x00000002   Code   RO         2994    .text               c_w.l(use_no_semi.o)
    0x0800130e   0x00000000   Code   RO         2996    .text               c_w.l(indicate_semi.o)
    0x0800130e   0x0000003e   Code   RO         2879    CL$$btod_d2e        c_w.l(btod.o)
    0x0800134c   0x00000046   Code   RO         2881    CL$$btod_d2e_denorm_low  c_w.l(btod.o)
    0x08001392   0x00000060   Code   RO         2880    CL$$btod_d2e_norm_op1  c_w.l(btod.o)
    0x080013f2   0x00000338   Code   RO         2889    CL$$btod_div_common  c_w.l(btod.o)
    0x0800172a   0x000000c6   Code   RO         2886    CL$$btod_e2e        c_w.l(btod.o)
    0x080017f0   0x00000028   Code   RO         2883    CL$$btod_ediv       c_w.l(btod.o)
    0x08001818   0x00000028   Code   RO         2882    CL$$btod_emul       c_w.l(btod.o)
    0x08001840   0x00000244   Code   RO         2888    CL$$btod_mult_common  c_w.l(btod.o)
    0x08001a84   0x00000016   Code   RO         2105    i.ADC_Cmd           stm32f10x_adc.o
    0x08001a9a   0x00000002   PAD
    0x08001a9c   0x0000005c   Code   RO         2107    i.ADC_DeInit        stm32f10x_adc.o
    0x08001af8   0x00000014   Code   RO         2113    i.ADC_GetCalibrationStatus  stm32f10x_adc.o
    0x08001b0c   0x00000008   Code   RO         2114    i.ADC_GetConversionValue  stm32f10x_adc.o
    0x08001b14   0x00000012   Code   RO         2116    i.ADC_GetFlagStatus  stm32f10x_adc.o
    0x08001b26   0x00000014   Code   RO         2119    i.ADC_GetResetCalibrationStatus  stm32f10x_adc.o
    0x08001b3a   0x00000002   PAD
    0x08001b3c   0x00000050   Code   RO         2123    i.ADC_Init          stm32f10x_adc.o
    0x08001b8c   0x000000b8   Code   RO         2127    i.ADC_RegularChannelConfig  stm32f10x_adc.o
    0x08001c44   0x0000000a   Code   RO         2128    i.ADC_ResetCalibration  stm32f10x_adc.o
    0x08001c4e   0x00000016   Code   RO         2130    i.ADC_SoftwareStartConvCmd  stm32f10x_adc.o
    0x08001c64   0x0000000a   Code   RO         2132    i.ADC_StartCalibration  stm32f10x_adc.o
    0x08001c6e   0x00000002   PAD
    0x08001c70   0x0000008c   Code   RO          803    i.Adc_Init          adc.o
    0x08001cfc   0x000001d4   Code   RO          417    i.AliIoT_Parameter_Init  mqtt.o
    0x08001ed0   0x00000002   Code   RO          226    i.BusFault_Handler  stm32f10x_it.o
    0x08001ed2   0x00000002   PAD
    0x08001ed4   0x0000006c   Code   RO          418    i.CMDBuf_Deal       mqtt.o
    0x08001f40   0x00000064   Code   RO          836    i.DHT11_Check       dht11.o
    0x08001fa4   0x00000040   Code   RO          837    i.DHT11_Init        dht11.o
    0x08001fe4   0x0000004c   Code   RO          838    i.DHT11_Read_Bit    dht11.o
    0x08002030   0x0000001e   Code   RO          839    i.DHT11_Read_Byte   dht11.o
    0x0800204e   0x00000058   Code   RO          840    i.DHT11_Read_Data   dht11.o
    0x080020a6   0x00000002   PAD
    0x080020a8   0x00000040   Code   RO          841    i.DHT11_Rst         dht11.o
    0x080020e8   0x0000002c   Code   RO          227    i.DMA1_Channel7_IRQHandler  stm32f10x_it.o
    0x08002114   0x0000001c   Code   RO         2364    i.DMA_ClearITPendingBit  stm32f10x_dma.o
    0x08002130   0x00000018   Code   RO         2365    i.DMA_Cmd           stm32f10x_dma.o
    0x08002148   0x00000008   Code   RO         2367    i.DMA_GetCurrDataCounter  stm32f10x_dma.o
    0x08002150   0x0000002c   Code   RO         2369    i.DMA_GetITStatus   stm32f10x_dma.o
    0x0800217c   0x00000012   Code   RO         2370    i.DMA_ITConfig      stm32f10x_dma.o
    0x0800218e   0x0000003c   Code   RO         2371    i.DMA_Init          stm32f10x_dma.o
    0x080021ca   0x00000002   PAD
    0x080021cc   0x00000128   Code   RO          637    i.Data_Down         datedown.o
    0x080022f4   0x00000002   Code   RO          638    i.Data_Down_set     datedown.o
    0x080022f6   0x00000002   PAD
    0x080022f8   0x00000148   Code   RO          587    i.Data_State        dateup.o
    0x08002440   0x00000002   Code   RO          228    i.DebugMon_Handler  stm32f10x_it.o
    0x08002442   0x0000000c   Code   RO          174    i.Delay_Init        delay.o
    0x0800244e   0x00000002   PAD
    0x08002450   0x000000fc   Code   RO          175    i.Delay_Ms          delay.o
    0x0800254c   0x00000042   Code   RO          176    i.Delay_Us          delay.o
    0x0800258e   0x00000116   Code   RO         1937    i.GPIO_Init         stm32f10x_gpio.o
    0x080026a4   0x00000012   Code   RO         1943    i.GPIO_ReadOutputDataBit  stm32f10x_gpio.o
    0x080026b6   0x00000004   Code   RO         1944    i.GPIO_ResetBits    stm32f10x_gpio.o
    0x080026ba   0x00000004   Code   RO         1945    i.GPIO_SetBits      stm32f10x_gpio.o
    0x080026be   0x0000000a   Code   RO         1948    i.GPIO_WriteBit     stm32f10x_gpio.o
    0x080026c8   0x0000002a   Code   RO          878    i.Get_ADCValue_MQ2  mq2.o
    0x080026f2   0x00000002   PAD
    0x080026f4   0x00000034   Code   RO          804    i.Get_Adc           adc.o
    0x08002728   0x0000002e   Code   RO          805    i.Get_Adc_Average   adc.o
    0x08002756   0x00000002   Code   RO          229    i.HardFault_Handler  stm32f10x_it.o
    0x08002758   0x00000030   Code   RO          657    i.IIC_StarT         oled.o
    0x08002788   0x00000028   Code   RO          658    i.IIC_StoP          oled.o
    0x080027b0   0x0000001c   Code   RO          659    i.IIC_Wait_AcK      oled.o
    0x080027cc   0x00000010   Code   RO         2321    i.IWDG_Enable       stm32f10x_iwdg.o
    0x080027dc   0x00000008   Code   RO          540    i.IWDG_Feed         iwdg.o
    0x080027e4   0x00000024   Code   RO          541    i.IWDG_Init         iwdg.o
    0x08002808   0x00000010   Code   RO         2323    i.IWDG_ReloadCounter  stm32f10x_iwdg.o
    0x08002818   0x0000000c   Code   RO         2324    i.IWDG_SetPrescaler  stm32f10x_iwdg.o
    0x08002824   0x0000000c   Code   RO         2325    i.IWDG_SetReload    stm32f10x_iwdg.o
    0x08002830   0x0000000c   Code   RO         2326    i.IWDG_WriteAccessCmd  stm32f10x_iwdg.o
    0x0800283c   0x00000114   Code   RO          879    i.MQ2_GetPPM        mq2.o
    0x08002950   0x000000d8   Code   RO          419    i.MQTT_Buff_Init    mqtt.o
    0x08002a28   0x00000218   Code   RO          420    i.MQTT_ConectPack   mqtt.o
    0x08002c40   0x00000108   Code   RO          421    i.MQTT_DealPushdata_Qs0  mqtt.o
    0x08002d48   0x0000001c   Code   RO          422    i.MQTT_PingREQ      mqtt.o
    0x08002d64   0x000000ec   Code   RO          423    i.MQTT_PublishQs0   mqtt.o
    0x08002e50   0x00000098   Code   RO          424    i.MQTT_Subscribe    mqtt.o
    0x08002ee8   0x00000002   Code   RO          230    i.MemManage_Handler  stm32f10x_it.o
    0x08002eea   0x00000002   Code   RO          231    i.NMI_Handler       stm32f10x_it.o
    0x08002eec   0x00000070   Code   RO          967    i.NVIC_Init         misc.o
    0x08002f5c   0x00000014   Code   RO          968    i.NVIC_PriorityGroupConfig  misc.o
    0x08002f70   0x0000003e   Code   RO          660    i.OLED_Clear        oled.o
    0x08002fae   0x00000002   PAD
    0x08002fb0   0x00000118   Code   RO          664    i.OLED_Init         oled.o
    0x080030c8   0x00000028   Code   RO          666    i.OLED_Set_Pos      oled.o
    0x080030f0   0x00000068   Code   RO          667    i.OLED_ShowCHinese  oled.o
    0x08003158   0x000000a4   Code   RO          668    i.OLED_ShowChar     oled.o
    0x080031fc   0x00000088   Code   RO          669    i.OLED_ShowNum      oled.o
    0x08003284   0x00000018   Code   RO          671    i.OLED_WR_Byte      oled.o
    0x0800329c   0x00000002   Code   RO          232    i.PendSV_Handler    stm32f10x_it.o
    0x0800329e   0x00000002   PAD
    0x080032a0   0x00000018   Code   RO         1003    i.RCC_ADCCLKConfig  stm32f10x_rcc.o
    0x080032b8   0x00000020   Code   RO         1004    i.RCC_AHBPeriphClockCmd  stm32f10x_rcc.o
    0x080032d8   0x00000020   Code   RO         1005    i.RCC_APB1PeriphClockCmd  stm32f10x_rcc.o
    0x080032f8   0x00000020   Code   RO         1006    i.RCC_APB1PeriphResetCmd  stm32f10x_rcc.o
    0x08003318   0x00000020   Code   RO         1007    i.RCC_APB2PeriphClockCmd  stm32f10x_rcc.o
    0x08003338   0x00000020   Code   RO         1008    i.RCC_APB2PeriphResetCmd  stm32f10x_rcc.o
    0x08003358   0x000000d4   Code   RO         1015    i.RCC_GetClocksFreq  stm32f10x_rcc.o
    0x0800342c   0x00000002   Code   RO          233    i.SVC_Handler       stm32f10x_it.o
    0x0800342e   0x00000002   PAD
    0x08003430   0x00000078   Code   RO          600    i.SW1_State         switch.o
    0x080034a8   0x00000078   Code   RO          601    i.SW2_State         switch.o
    0x08003520   0x00000054   Code   RO          604    i.SW_Init           switch.o
    0x08003574   0x00000008   Code   RO          926    i.SetSysClock       system_stm32f10x.o
    0x0800357c   0x000000e0   Code   RO          927    i.SetSysClockTo72   system_stm32f10x.o
    0x0800365c   0x00000028   Code   RO          971    i.SysTick_CLKSourceConfig  misc.o
    0x08003684   0x00000002   Code   RO          234    i.SysTick_Handler   stm32f10x_it.o
    0x08003686   0x00000002   PAD
    0x08003688   0x00000060   Code   RO          929    i.SystemInit        system_stm32f10x.o
    0x080036e8   0x00000076   Code   RO          528    i.TIM2_ENABLE_1S    timer2.o
    0x0800375e   0x00000002   PAD
    0x08003760   0x00000024   Code   RO          235    i.TIM2_IRQHandler   stm32f10x_it.o
    0x08003784   0x00000078   Code   RO          510    i.TIM3_ENABLE_2S    timer3.o
    0x080037fc   0x00000078   Code   RO          511    i.TIM3_ENABLE_30S   timer3.o
    0x08003874   0x0000006c   Code   RO          236    i.TIM3_IRQHandler   stm32f10x_it.o
    0x080038e0   0x00000006   Code   RO         1214    i.TIM_ClearITPendingBit  stm32f10x_tim.o
    0x080038e6   0x00000018   Code   RO         1219    i.TIM_Cmd           stm32f10x_tim.o
    0x080038fe   0x00000002   PAD
    0x08003900   0x000001e8   Code   RO         1224    i.TIM_DeInit        stm32f10x_tim.o
    0x08003ae8   0x00000022   Code   RO         1240    i.TIM_GetITStatus   stm32f10x_tim.o
    0x08003b0a   0x00000012   Code   RO         1244    i.TIM_ITConfig      stm32f10x_tim.o
    0x08003b1c   0x000000a4   Code   RO         1290    i.TIM_TimeBaseInit  stm32f10x_tim.o
    0x08003bc0   0x00000064   Code   RO          425    i.TxDataBuf_Deal    mqtt.o
    0x08003c24   0x000000f0   Code   RO          237    i.USART2_IRQHandler  stm32f10x_it.o
    0x08003d14   0x00000012   Code   RO         1751    i.USART_ClearFlag   stm32f10x_usart.o
    0x08003d26   0x00000018   Code   RO         1755    i.USART_Cmd         stm32f10x_usart.o
    0x08003d3e   0x00000012   Code   RO         1756    i.USART_DMACmd      stm32f10x_usart.o
    0x08003d50   0x0000009c   Code   RO         1757    i.USART_DeInit      stm32f10x_usart.o
    0x08003dec   0x00000054   Code   RO         1759    i.USART_GetITStatus  stm32f10x_usart.o
    0x08003e40   0x0000004a   Code   RO         1761    i.USART_ITConfig    stm32f10x_usart.o
    0x08003e8a   0x00000002   PAD
    0x08003e8c   0x000000d8   Code   RO         1762    i.USART_Init        stm32f10x_usart.o
    0x08003f64   0x00000002   Code   RO          238    i.UsageFault_Handler  stm32f10x_it.o
    0x08003f66   0x00000002   PAD
    0x08003f68   0x00000080   Code   RO          198    i.Usart1_Init       usart1.o
    0x08003fe8   0x000000d0   Code   RO          317    i.Usart2DMA_init    usart2.o
    0x080040b8   0x000000d0   Code   RO          318    i.Usart2_IDELInit   usart2.o
    0x08004188   0x000000c0   Code   RO          319    i.Usart2_Init       usart2.o
    0x08004248   0x000002f0   Code   RO          360    i.WiFi_Connect_IoTServer  wifi.o
    0x08004538   0x00000154   Code   RO          361    i.WiFi_Connect_Server  wifi.o
    0x0800468c   0x000000a8   Code   RO          362    i.WiFi_JoinAP       wifi.o
    0x08004734   0x00000070   Code   RO          363    i.WiFi_Reset        wifi.o
    0x080047a4   0x00000034   Code   RO          364    i.WiFi_ResetIO_Init  wifi.o
    0x080047d8   0x00000074   Code   RO          365    i.WiFi_SendCmd      wifi.o
    0x0800484c   0x0000005c   Code   RO          672    i.Write_IIC_Byte    oled.o
    0x080048a8   0x0000002c   Code   RO          673    i.Write_IIC_Command  oled.o
    0x080048d4   0x0000002c   Code   RO          674    i.Write_IIC_Data    oled.o
    0x08004900   0x00000028   Code   RO         2813    i.__ARM_fpclassify  m_ws.l(fpclassify.o)
    0x08004928   0x000000aa   Code   RO         2815    i.__kernel_poly     m_ws.l(poly.o)
    0x080049d2   0x00000002   PAD
    0x080049d4   0x00000010   Code   RO         2799    i.__mathlib_dbl_divzero  m_ws.l(dunder.o)
    0x080049e4   0x00000004   Code   RO         2801    i.__mathlib_dbl_infnan2  m_ws.l(dunder.o)
    0x080049e8   0x0000000c   Code   RO         2802    i.__mathlib_dbl_invalid  m_ws.l(dunder.o)
    0x080049f4   0x0000000e   Code   RO         2803    i.__mathlib_dbl_overflow  m_ws.l(dunder.o)
    0x08004a02   0x00000002   PAD
    0x08004a04   0x00000010   Code   RO         2805    i.__mathlib_dbl_underflow  m_ws.l(dunder.o)
    0x08004a14   0x0000000e   Code   RO         2625    i._is_digit         c_w.l(__printf_wp.o)
    0x08004a22   0x00000002   PAD
    0x08004a24   0x000000b8   Code   RO          426    i.connet_first      mqtt.o
    0x08004adc   0x0000033c   Code   RO          427    i.connet_on         mqtt.o
    0x08004e18   0x00000064   Code   RO            1    i.main              main.o
    0x08004e7c   0x00000016   Code   RO          676    i.oled_pow          oled.o
    0x08004e92   0x00000002   PAD
    0x08004e94   0x000009b8   Code   RO         2699    i.pow               m_ws.l(pow.o)
    0x0800584c   0x0000004c   Code   RO         2819    i.sqrt              m_ws.l(sqrt.o)
    0x08005898   0x0000005c   Code   RO          199    i.u1_printf         usart1.o
    0x080058f4   0x00000034   Code   RO          320    i.u2_TxData         usart2.o
    0x08005928   0x0000005c   Code   RO          321    i.u2_printf         usart2.o
    0x08005984   0x00000018   Code   RO         2474    i.utils_hb2hex      utils_md5.o
    0x0800599c   0x000000e8   Code   RO         2437    i.utils_hmac_sha1   utils_hmac.o
    0x08005a84   0x000000e8   Code   RO         2542    i.utils_sha1_finish  utils_sha1.o
    0x08005b6c   0x0000000e   Code   RO         2544    i.utils_sha1_init   utils_sha1.o
    0x08005b7a   0x00000002   PAD
    0x08005b7c   0x0000191c   Code   RO         2545    i.utils_sha1_process  utils_sha1.o
    0x08007498   0x0000002c   Code   RO         2546    i.utils_sha1_starts  utils_sha1.o
    0x080074c4   0x0000007c   Code   RO         2547    i.utils_sha1_update  utils_sha1.o
    0x08007540   0x0000002c   Code   RO         2902    locale$$code        c_w.l(lc_numeric_c.o)
    0x0800756c   0x0000002c   Code   RO         2921    locale$$code        c_w.l(lc_ctype_c.o)
    0x08007598   0x00000062   Code   RO         2656    x$fpl$d2f           fz_ws.l(d2f.o)
    0x080075fa   0x00000002   PAD
    0x080075fc   0x00000150   Code   RO         2658    x$fpl$dadd          fz_ws.l(daddsub_clz.o)
    0x0800774c   0x00000010   Code   RO         2856    x$fpl$dcheck1       fz_ws.l(dcheck1.o)
    0x0800775c   0x00000018   Code   RO         2912    x$fpl$dcmpinf       fz_ws.l(dcmpi.o)
    0x08007774   0x000002b0   Code   RO         2665    x$fpl$ddiv          fz_ws.l(ddiv.o)
    0x08007a24   0x0000005e   Code   RO         2668    x$fpl$dfix          fz_ws.l(dfix.o)
    0x08007a82   0x0000002e   Code   RO         2779    x$fpl$dflt          fz_ws.l(dflt_clz.o)
    0x08007ab0   0x00000078   Code   RO         2858    x$fpl$dleqf         fz_ws.l(dleqf.o)
    0x08007b28   0x00000154   Code   RO         2672    x$fpl$dmul          fz_ws.l(dmul.o)
    0x08007c7c   0x0000009c   Code   RO         2784    x$fpl$dnaninf       fz_ws.l(dnaninf.o)
    0x08007d18   0x0000000c   Code   RO         2786    x$fpl$dretinf       fz_ws.l(dretinf.o)
    0x08007d24   0x0000006c   Code   RO         2788    x$fpl$drleqf        fz_ws.l(drleqf.o)
    0x08007d90   0x00000016   Code   RO         2659    x$fpl$drsb          fz_ws.l(daddsub_clz.o)
    0x08007da6   0x00000002   PAD
    0x08007da8   0x000001cc   Code   RO         2860    x$fpl$dsqrt         fz_ws.l(dsqrt_noumaal.o)
    0x08007f74   0x000001d4   Code   RO         2660    x$fpl$dsub          fz_ws.l(daddsub_clz.o)
    0x08008148   0x00000056   Code   RO         2674    x$fpl$f2d           fz_ws.l(f2d.o)
    0x0800819e   0x00000002   PAD
    0x080081a0   0x000000c4   Code   RO         2676    x$fpl$fadd          fz_ws.l(faddsub_clz.o)
    0x08008264   0x00000184   Code   RO         2683    x$fpl$fdiv          fz_ws.l(fdiv.o)
    0x080083e8   0x00000036   Code   RO         2686    x$fpl$ffix          fz_ws.l(ffix.o)
    0x0800841e   0x00000002   PAD
    0x08008420   0x00000030   Code   RO         2691    x$fpl$fflt          fz_ws.l(fflt_clz.o)
    0x08008450   0x00000026   Code   RO         2690    x$fpl$ffltu         fz_ws.l(fflt_clz.o)
    0x08008476   0x00000002   PAD
    0x08008478   0x00000102   Code   RO         2696    x$fpl$fmul          fz_ws.l(fmul.o)
    0x0800857a   0x0000008c   Code   RO         2790    x$fpl$fnaninf       fz_ws.l(fnaninf.o)
    0x08008606   0x0000000a   Code   RO         2792    x$fpl$fretinf       fz_ws.l(fretinf.o)
    0x08008610   0x000000ea   Code   RO         2678    x$fpl$fsub          fz_ws.l(faddsub_clz.o)
    0x080086fa   0x00000004   Code   RO         2794    x$fpl$printf1       fz_ws.l(printf1.o)
    0x080086fe   0x00000064   Code   RO         2916    x$fpl$retnan        fz_ws.l(retnan.o)
    0x08008762   0x0000005c   Code   RO         2796    x$fpl$scalbn        fz_ws.l(scalbn.o)
    0x080087be   0x00000030   Code   RO         2970    x$fpl$trapveneer    fz_ws.l(trapv.o)
    0x080087ee   0x00000000   Code   RO         2798    x$fpl$usenofp       fz_ws.l(usenofp.o)
    0x080087ee   0x00000818   Data   RO          677    .constdata          oled.o
    0x08009006   0x00000040   Data   RO         2549    .constdata          utils_sha1.o
    0x08009046   0x00000011   Data   RO         2633    .constdata          c_w.l(__printf_flags_ss_wp.o)
    0x08009057   0x00000001   PAD
    0x08009058   0x00000088   Data   RO         2700    .constdata          m_ws.l(pow.o)
    0x080090e0   0x00000008   Data   RO         2726    .constdata          c_w.l(_printf_wctomb.o)
    0x080090e8   0x00000028   Data   RO         2755    .constdata          c_w.l(_printf_hex_int_ll_ptr.o)
    0x08009110   0x00000008   Data   RO         2817    .constdata          m_ws.l(qnan.o)
    0x08009118   0x00000094   Data   RO         2877    .constdata          c_w.l(bigflt0.o)
    0x080091ac   0x00000076   Data   RO          588    .conststring        dateup.o
    0x08009222   0x00000002   PAD
    0x08009224   0x000001c0   Data   RO          605    .conststring        switch.o
    0x080093e4   0x00000020   Data   RO         3048    Region$$Table       anon$$obj.o
    0x08009404   0x0000001c   Data   RO         2901    locale$$data        c_w.l(lc_numeric_c.o)
    0x08009420   0x00000110   Data   RO         2920    locale$$data        c_w.l(lc_ctype_c.o)


    Execution Region ER_RW (Base: 0x20000000, Size: 0x000004b4, Max: 0xffffffff, ABSOLUTE, COMPRESSED[0x000001f0])

    Base Addr    Size         Type   Attr      Idx    E Section Name        Object

    0x20000000   0x00000008   Data   RW            2    .data               main.o
    0x20000008   0x00000009   Data   RW          323    .data               usart2.o
    0x20000011   0x00000001   Data   RW          368    .data               wifi.o
    0x20000012   0x00000002   PAD
    0x20000014   0x00000044   Data   RW          429    .data               mqtt.o
    0x20000058   0x00000440   Data   RW          678    .data               oled.o
    0x20000498   0x00000006   Data   RW          881    .data               mq2.o
    0x2000049e   0x00000014   Data   RW         1035    .data               stm32f10x_rcc.o


    Execution Region ER_ZI (Base: 0x200004b4, Size: 0x00002eb4, Max: 0xffffffff, ABSOLUTE)

    Base Addr    Size         Type   Attr      Idx    E Section Name        Object

    0x200004b4   0x00000004   PAD
    0x200004b8   0x00000100   Zero   RW          200    .bss                usart1.o
    0x200005b8   0x00000800   Zero   RW          322    .bss                usart2.o
    0x20000db8   0x00001f4c   Zero   RW          428    .bss                mqtt.o
    0x20002d04   0x00000060   Zero   RW         2863    .bss                c_w.l(libspace.o)
    0x20002d64   0x00000004   PAD
    0x20002d68   0x00000200   Zero   RW          961    HEAP                startup_stm32f10x_hd.o
    0x20002f68   0x00000400   Zero   RW          960    STACK               startup_stm32f10x_hd.o


==============================================================================

Image component sizes


      Code (inc. data)   RO Data    RW Data    ZI Data      Debug   Object Name

       238         14          0          0          0       2167   adc.o
       298        124          0          0          0       1280   datedown.o
       328        104        118          0          0        825   dateup.o
       330          6          0          0          0       2111   delay.o
       422         32          0          0          0       4816   dht11.o
        44          0          0          0          0       1296   iwdg.o
       100         10          0          8          0     272339   main.o
       172         22          0          0          0       2541   misc.o
       318         52          0          6          0       1812   mq2.o
      3120       1030          0         68       8012      10862   mqtt.o
      1128         40       2072       1088          0      11029   oled.o
        64         26        304          0       1536        908   startup_stm32f10x_hd.o
       486         24          0          0          0       9978   stm32f10x_adc.o
       182         18          0          0          0       5887   stm32f10x_dma.o
       314          0          0          0          0       4937   stm32f10x_gpio.o
       446         66          0          0          0       7937   stm32f10x_it.o
        68         30          0          0          0       3090   stm32f10x_iwdg.o
       396         56          0         20          0       7807   stm32f10x_rcc.o
       734        106          0          0          0       5171   stm32f10x_tim.o
       590         28          0          0          0       7130   stm32f10x_usart.o
       324        142        448          0          0       2030   switch.o
         0          0          0          0          0         32   sys.o
       328         28          0          0          0       2441   system_stm32f10x.o
       118          0          0          0          0        721   timer2.o
       240         10          0          0          0       1443   timer3.o
       220         18          0          0        256       3002   usart1.o
       752         52          0          9       2048       5104   usart2.o
       232          0          0          0          0       2994   utils_hmac.o
        24          0          0          0          0        647   utils_md5.o
      6842         40         64          0          0       6675   utils_sha1.o
      1540        808          0          1          0       5001   wifi.o

    ----------------------------------------------------------------------
     20436       2886       3040       1204      11856     394013   Object Totals
         0          0         32          0          0          0   (incl. Generated)
        38          0          2          4          4          0   (incl. Padding)

    ----------------------------------------------------------------------

      Code (inc. data)   RO Data    RW Data    ZI Data      Debug   Library Member Name

        44          6          0          0          0         84   __2sprintf.o
       100          0          0          0          0          0   __dclz77c.o
         8          0          0          0          0         68   __main.o
       392          4         17          0          0         92   __printf_flags_ss_wp.o
        14          0          0          0          0         68   __printf_wp.o
         0          0          0          0          0          0   __rtentry.o
        12          0          0          0          0          0   __rtentry2.o
         6          0          0          0          0          0   __rtentry4.o
        52          8          0          0          0          0   __scatter.o
        28          0          0          0          0          0   __scatter_zi.o
         6          0          0          0          0          0   _printf_a.o
         6          0          0          0          0          0   _printf_c.o
        44          0          0          0          0        108   _printf_char.o
        48          6          0          0          0         96   _printf_char_common.o
        40          0          0          0          0         68   _printf_charcount.o
         6          0          0          0          0          0   _printf_d.o
       120         16          0          0          0         92   _printf_dec.o
         6          0          0          0          0          0   _printf_e.o
         6          0          0          0          0          0   _printf_f.o
      1050          0          0          0          0        216   _printf_fp_dec.o
       128         16          0          0          0         84   _printf_fp_infnan.o
         6          0          0          0          0          0   _printf_g.o
       148          4         40          0          0        160   _printf_hex_int_ll_ptr.o
         6          0          0          0          0          0   _printf_i.o
       178          0          0          0          0         88   _printf_intcommon.o
        10          0          0          0          0          0   _printf_l.o
         6          0          0          0          0          0   _printf_lc.o
        10          0          0          0          0          0   _printf_ll.o
         6          0          0          0          0          0   _printf_lld.o
         6          0          0          0          0          0   _printf_lli.o
         6          0          0          0          0          0   _printf_llo.o
         6          0          0          0          0          0   _printf_llu.o
         6          0          0          0          0          0   _printf_llx.o
       124         16          0          0          0         92   _printf_longlong_dec.o
         6          0          0          0          0          0   _printf_ls.o
         6          0          0          0          0          0   _printf_n.o
         6          0          0          0          0          0   _printf_o.o
       112          8          0          0          0        124   _printf_oct_int_ll.o
         6          0          0          0          0          0   _printf_p.o
        78          0          0          0          0        108   _printf_pad.o
         0          0          0          0          0          0   _printf_percent.o
         4          0          0          0          0          0   _printf_percent_end.o
         6          0          0          0          0          0   _printf_s.o
        82          0          0          0          0         80   _printf_str.o
        36          0          0          0          0         84   _printf_truncate.o
         6          0          0          0          0          0   _printf_u.o
        44          0          0          0          0        108   _printf_wchar.o
       188          6          8          0          0         92   _printf_wctomb.o
         6          0          0          0          0          0   _printf_x.o
        22          0          0          0          0        100   _rserrno.o
        10          0          0          0          0         68   _sputc.o
        64          0          0          0          0         92   _wcrtomb.o
       220          4        148          0          0         96   bigflt0.o
      1910        128          0          0          0        672   btod.o
        36          4          0          0          0         76   c89vsprintf.o
        12          0          0          0          0         72   exit.o
         6          0          0          0          0        152   heapauxi.o
         0          0          0          0          0          0   indicate_semi.o
        44         10        272          0          0         76   lc_ctype_c.o
        44         10         28          0          0         76   lc_numeric_c.o
         2          0          0          0          0          0   libinit.o
        30          0          0          0          0          0   libinit2.o
         2          0          0          0          0          0   libshutdown.o
         2          0          0          0          0          0   libshutdown2.o
         8          4          0          0         96         68   libspace.o
       138          0          0          0          0         80   lludiv10.o
        16          4          0          0          0         76   rt_ctype_table.o
         8          4          0          0          0         68   rt_errno_addr_intlibspace.o
         8          4          0          0          0         68   rt_locale_intlibspace.o
        68          0          0          0          0         68   rt_memclr.o
        78          0          0          0          0         80   rt_memclr_w.o
       138          0          0          0          0         68   rt_memcpy_v6.o
       100          0          0          0          0         80   rt_memcpy_w.o
         2          0          0          0          0          0   rtexit.o
        10          0          0          0          0          0   rtexit2.o
       128          0          0          0          0         68   strcmpv7m.o
        62          0          0          0          0         76   strlen.o
        36          0          0          0          0         80   strstr.o
        12          4          0          0          0         68   sys_exit.o
        74          0          0          0          0         80   sys_stackheap_outer.o
         2          0          0          0          0         68   use_no_semi.o
        98          4          0          0          0         92   d2f.o
       826         16          0          0          0        348   daddsub_clz.o
        16          4          0          0          0         68   dcheck1.o
        24          0          0          0          0         68   dcmpi.o
       688        140          0          0          0        208   ddiv.o
        94          4          0          0          0         92   dfix.o
        46          0          0          0          0         68   dflt_clz.o
       120          4          0          0          0         92   dleqf.o
       340         12          0          0          0        104   dmul.o
       156          4          0          0          0         92   dnaninf.o
        12          0          0          0          0         68   dretinf.o
       108          0          0          0          0         80   drleqf.o
       460         56          0          0          0        120   dsqrt_noumaal.o
        86          4          0          0          0         84   f2d.o
       430          8          0          0          0        168   faddsub_clz.o
       388         76          0          0          0         96   fdiv.o
        54          4          0          0          0         84   ffix.o
        86          0          0          0          0        136   fflt_clz.o
       258          4          0          0          0         84   fmul.o
       140          4          0          0          0         84   fnaninf.o
        10          0          0          0          0         68   fretinf.o
         4          0          0          0          0         68   printf1.o
       100          0          0          0          0         68   retnan.o
        92          0          0          0          0         68   scalbn.o
        48          0          0          0          0         68   trapv.o
         0          0          0          0          0          0   usenofp.o
        62         10          0          0          0        340   dunder.o
        40          0          0          0          0         68   fpclassify.o
       170          0          0          0          0         96   poly.o
      2488        190        136          0          0        300   pow.o
         0          0          8          0          0          0   qnan.o
        76          0          0          0          0         84   sqrt.o

    ----------------------------------------------------------------------
     14058        810        658          0        100       7952   Library Totals
        26          0          1          0          4          0   (incl. Padding)

    ----------------------------------------------------------------------

      Code (inc. data)   RO Data    RW Data    ZI Data      Debug   Library Name

      6512        266        513          0         96       4488   c_w.l
      4684        344          0          0          0       2576   fz_ws.l
      2836        200        144          0          0        888   m_ws.l

    ----------------------------------------------------------------------
     14058        810        658          0        100       7952   Library Totals

    ----------------------------------------------------------------------

==============================================================================


      Code (inc. data)   RO Data    RW Data    ZI Data      Debug   

     34494       3696       3698       1204      11956     390573   Grand Totals
     34494       3696       3698        496      11956     390573   ELF Image Totals (compressed)
     34494       3696       3698        496          0          0   ROM Totals

==============================================================================

    Total RO  Size (Code + RO Data)                38192 (  37.30kB)
    Total RW  Size (RW Data + ZI Data)             13160 (  12.85kB)
    Total ROM Size (Code + RO Data + RW Data)      38688 (  37.78kB)

==============================================================================

