<html>
<body>
<pre>
<h1>礦ision Build Log</h1>
<h2>Tool Versions:</h2>
IDE-Version: μVision V5.28.0.0
Copyright (C) 2019 ARM Ltd and ARM Germany GmbH. All rights reserved.
License Information: east Microwin10, east, LIC=BL29U-SE3A6-QIA5M-XCA4E-WRZ7U-ZTX48
 
Tool Versions:
Toolchain:       MDK-ARM Professional  Version: 5.28.0.0
Toolchain Path:  C:\Keil_v5\ARM\ARMCC\Bin
C Compiler:      Armcc.exe V5.06 update 6 (build 750)
Assembler:       Armasm.exe V5.06 update 6 (build 750)
Linker/Locator:  ArmLink.exe V5.06 update 6 (build 750)
Library Manager: ArmAr.exe V5.06 update 6 (build 750)
Hex Converter:   FromElf.exe V5.06 update 6 (build 750)
CPU DLL:         SARMCM3.DLL V5.28.0.0
Dialog DLL:      DCM.DLL V1.17.3.0
Target DLL:      Segger\JL2CM3.dll V2.95.0.0
Dialog DLL:      TCM.DLL V1.36.2.0
 
<h2>Project:</h2>
C:\Users\Administrator\Desktop\压缩包-DIY开发板资料20190927\2、stm32资料\041、STM32单片机自动迎客门红外感应步进电机语音播报41\1、程序源文件（C语言，详细备注）\stm32-041、程序\USER\ADC.uvproj
Project File Date:  05/11/2020

<h2>Output:</h2>
*** Using Compiler 'V5.06 update 6 (build 750)', folder: 'C:\Keil_v5\ARM\ARMCC\Bin'
Build target 'Target 1'
compiling led.c...
compiling timer.c...
compiling usart.c...
..\SYSTEM\usart\usart.c(133): warning:  #550-D: variable "Res1"  was set but never used
  	u8 Res1;
..\SYSTEM\usart\usart.c(197): warning:  #550-D: variable "buf2"  was set but never used
  	u8 buf2;
..\SYSTEM\usart\usart.c: 2 warnings, 0 errors
compiling main.c...
linking...
Program Size: Code=9164 RO-data=336 RW-data=60 ZI-data=1636  
FromELF: creating hex file...
"..\OBJ\ADC.axf" - 0 Error(s), 2 Warning(s).
Build Time Elapsed:  00:00:01
</pre>
</body>
</html>
